<html>
<body>
<pre>
<h1>礦ision Build Log</h1>
<h2>Tool Versions:</h2>
IDE-Version: μVision V5.23.0.0
Copyright (C) 2017 ARM Ltd and ARM Germany GmbH. All rights reserved.
License Information: d hk, dhk, LIC=2TTHL-07UA6-789FD-8FI3L-FV8Y2-691LP
 
Tool Versions:
Toolchain:       MDK-ARM Professional  Version: 5.23
Toolchain Path:  E:\KEIL5\ARM\ARMCC\Bin
C Compiler:      Armcc.exe V5.06 update 4 (build 422)
Assembler:       Armasm.exe V5.06 update 4 (build 422)
Linker/Locator:  ArmLink.exe V5.06 update 4 (build 422)
Library Manager: ArmAr.exe V5.06 update 4 (build 422)
Hex Converter:   FromElf.exe V5.06 update 4 (build 422)
CPU DLL:         SARMCM3.DLL V5.23
Dialog DLL:      DCM.DLL V1.15.0.0
Target DLL:      STLink\ST-LINKIII-KEIL_SWO.dll V2.0.18.0
Dialog DLL:      TCM.DLL V1.27.0.0
 
<h2>Project:</h2>
C:\Users\dhk\Desktop\一些项目\shit robo\3\MDK-ARM\shit_test.uvprojx
Project File Date:  07/16/2022

<h2>Output:</h2>
*** Using Compiler 'V5.06 update 4 (build 422)', folder: 'E:\KEIL5\ARM\ARMCC\Bin'
Build target 'shit_test'
compiling main.c...
..\app\gimbal\gimbal.h(27): warning:  #1-D: last line of file ends without a newline
  #endif
..\app\ESP8266\bsp_esp8266_test.h(23): warning:  #1-D: last line of file ends without a newline
  #endif
..\app\ESP8266\bsp_esp8266.h(113): warning:  #1-D: last line of file ends without a newline
  #endif
..\app\chassis\chassis.h(4): warning:  #1295-D: Deprecated declaration move_straight - give arg types
  extern void move_straight();
..\app\chassis\chassis.h(5): warning:  #1295-D: Deprecated declaration move_back - give arg types
  extern void  move_back();
..\app\chassis\chassis.h(6): warning:  #1295-D: Deprecated declaration move_left - give arg types
  extern void move_left();
..\app\chassis\chassis.h(7): warning:  #1295-D: Deprecated declaration move_right - give arg types
  extern void move_right();
..\app\chassis\chassis.h(8): warning:  #1295-D: Deprecated declaration move_stop - give arg types
  extern void move_stop();
..\app\chassis\chassis.h(23): warning:  #1-D: last line of file ends without a newline
  #endif
../Core/Src/main.c: 9 warnings, 0 errors
linking...
Program Size: Code=11388 RO-data=360 RW-data=44 ZI-data=2500  
FromELF: creating hex file...
"shit_test\shit_test.axf" - 0 Error(s), 9 Warning(s).

<h2>Software Packages used:</h2>

Package Vendor: ARM
                http://www.keil.com/pack/ARM.CMSIS.5.0.1.pack
                ARM::CMSIS:CORE:5.0.1
                CMSIS (Cortex Microcontroller Software Interface Standard)
   * Component: CORE Version: 5.0.1

<h2>Collection of Component include folders:</h2>
  .\RTE\_shit_test
  E:\KEIL5\ARM\PACK\ARM\CMSIS\5.0.1\CMSIS\Include
  E:\KEIL5\ARM\PACK\Keil\STM32F1xx_DFP\1.1.0\Device\Include

<h2>Collection of Component Files used:</h2>

   * Component: ARM::CMSIS:CORE:5.0.1
Build Time Elapsed:  00:00:02
</pre>
</body>
</html>
