<html>
<body>
<pre>
<h1>礦ision Build Log</h1>
<h2>Tool Versions:</h2>
IDE-Version: μVision V5.23.0.0
Copyright (C) 2017 ARM Ltd and ARM Germany GmbH. All rights reserved.
License Information: d hk, dhk, LIC=2TTHL-07UA6-789FD-8FI3L-FV8Y2-691LP
 
Tool Versions:
Toolchain:       MDK-ARM Professional  Version: 5.23
Toolchain Path:  E:\KEIL5\ARM\ARMCC\Bin
C Compiler:      Armcc.exe V5.06 update 4 (build 422)
Assembler:       Armasm.exe V5.06 update 4 (build 422)
Linker/Locator:  ArmLink.exe V5.06 update 4 (build 422)
Library Manager: ArmAr.exe V5.06 update 4 (build 422)
Hex Converter:   FromElf.exe V5.06 update 4 (build 422)
CPU DLL:         SARMCM3.DLL V5.23
Dialog DLL:      DCM.DLL V1.15.0.0
Target DLL:      UL2CM3.DLL V1.159.7.0
Dialog DLL:      TCM.DLL V1.27.0.0
 
<h2>Project:</h2>
C:\Users\dhk\Desktop\一些项目\手势远程控制\【正点原子】手势识别模块ATK-PAJ7620\【正点原子】手势识别模块ATK-PAJ7620资料\2，程序源码\11\1\USER\PAJ7620U2.uvprojx
Project File Date:  07/17/2018

<h2>Output:</h2>
*** Using Compiler 'V5.06 update 4 (build 422)', folder: 'E:\KEIL5\ARM\ARMCC\Bin'
Build target 'Target 1'
assembling startup_stm32f103xb.s...
compiling stm32f1xx_hal_msp.c...
compiling sys.c...
compiling stm32f1xx_hal_cortex.c...
compiling delay.c...
compiling stm32f1xx_it.c...
compiling usart.c...
compiling stm32f1xx_hal_gpio_ex.c...
compiling stm32f1xx_hal_rcc_ex.c...
compiling stm32f1xx_hal.c...
compiling system_stm32f1xx.c...
compiling stm32f1xx_hal_gpio.c...
compiling main.c...
compiling stm32f1xx_hal_pwr.c...
compiling stm32f1xx_hal_dma.c...
compiling stm32f1xx_hal_rcc.c...
compiling led.c...
compiling paj7620u2.c...
compiling key.c...
compiling usmart_str.c...
compiling usmart.c...
compiling stm32f1xx_hal_uart.c...
compiling usmart_config.c...
compiling stm32f1xx_hal_usart.c...
compiling paj7620u2_iic.c...
compiling stm32f1xx_hal_tim_ex.c...
compiling stm32f1xx_hal_tim.c...
linking...
Program Size: Code=14364 RO-data=764 RW-data=328 ZI-data=1960  
FromELF: creating hex file...
"..\OBJ\PAJ7620U2.axf" - 0 Error(s), 0 Warning(s).

<h2>Collection of Component include folders:</h2>
  .\RTE\_Target_1
  E:\KEIL5\ARM\PACK\Keil\STM32F1xx_DFP\1.1.0\Device\Include

<h2>Collection of Component Files used:</h2>
Build Time Elapsed:  00:00:12
</pre>
</body>
</html>
