Component: ARM Compiler 5.06 update 4 (build 422) Tool: armlink [4d35d2]

==============================================================================

Section Cross References

    main.o(i.main) refers to stm32f1xx_hal.o(i.HAL_Init) for HAL_Init
    main.o(i.main) refers to sys.o(i.Stm32_Clock_Init) for Stm32_Clock_Init
    main.o(i.main) refers to delay.o(i.delay_init) for delay_init
    main.o(i.main) refers to usart.o(i.uart_init) for uart_init
    main.o(i.main) refers to led.o(i.LED_Init) for LED_Init
    main.o(i.main) refers to key.o(i.KEY_Init) for KEY_Init
    main.o(i.main) refers to usmart.o(i.usmart_init) for usmart_init
    main.o(i.main) refers to noretval__2printf.o(.text) for __2printf
    main.o(i.main) refers to delay.o(i.delay_ms) for delay_ms
    main.o(i.main) refers to paj7620u2.o(i.paj7620u2_init) for paj7620u2_init
    main.o(i.main) refers to paj7620u2.o(i.paj7620u2_sensor_test) for paj7620u2_sensor_test
    stm32f1xx_it.o(i.SysTick_Handler) refers to stm32f1xx_hal.o(i.HAL_IncTick) for HAL_IncTick
    system_stm32f1xx.o(i.SystemCoreClockUpdate) refers to system_stm32f1xx.o(.data) for SystemCoreClock
    system_stm32f1xx.o(i.SystemCoreClockUpdate) refers to system_stm32f1xx.o(.constdata) for AHBPrescTable
    delay.o(i.delay_init) refers to stm32f1xx_hal_cortex.o(i.HAL_SYSTICK_CLKSourceConfig) for HAL_SYSTICK_CLKSourceConfig
    delay.o(i.delay_init) refers to delay.o(.data) for fac_us
    delay.o(i.delay_ms) refers to delay.o(i.delay_us) for delay_us
    delay.o(i.delay_us) refers to delay.o(.data) for fac_us
    sys.o(i.Stm32_Clock_Init) refers to stm32f1xx_hal_rcc.o(i.HAL_RCC_OscConfig) for HAL_RCC_OscConfig
    sys.o(i.Stm32_Clock_Init) refers to stm32f1xx_hal_rcc.o(i.HAL_RCC_ClockConfig) for HAL_RCC_ClockConfig
    usart.o(.rev16_text) refers (Special) to use_no_semi_2.o(.text) for __use_no_semihosting
    usart.o(.revsh_text) refers (Special) to use_no_semi_2.o(.text) for __use_no_semihosting
    usart.o(.rrx_text) refers (Special) to use_no_semi_2.o(.text) for __use_no_semihosting
    usart.o(i.HAL_UART_MspInit) refers (Special) to use_no_semi_2.o(.text) for __use_no_semihosting
    usart.o(i.HAL_UART_MspInit) refers to stm32f1xx_hal_gpio.o(i.HAL_GPIO_Init) for HAL_GPIO_Init
    usart.o(i.HAL_UART_MspInit) refers to stm32f1xx_hal_cortex.o(i.HAL_NVIC_EnableIRQ) for HAL_NVIC_EnableIRQ
    usart.o(i.HAL_UART_MspInit) refers to stm32f1xx_hal_cortex.o(i.HAL_NVIC_SetPriority) for HAL_NVIC_SetPriority
    usart.o(i.HAL_UART_RxCpltCallback) refers (Special) to use_no_semi_2.o(.text) for __use_no_semihosting
    usart.o(i.HAL_UART_RxCpltCallback) refers to usart.o(.data) for USART_RX_STA
    usart.o(i.HAL_UART_RxCpltCallback) refers to usart.o(.bss) for USART_RX_BUF
    usart.o(i.USART1_IRQHandler) refers (Special) to use_no_semi_2.o(.text) for __use_no_semihosting
    usart.o(i.USART1_IRQHandler) refers to stm32f1xx_hal_uart.o(i.HAL_UART_IRQHandler) for HAL_UART_IRQHandler
    usart.o(i.USART1_IRQHandler) refers to stm32f1xx_hal_uart.o(i.HAL_UART_GetState) for HAL_UART_GetState
    usart.o(i.USART1_IRQHandler) refers to stm32f1xx_hal_uart.o(i.HAL_UART_Receive_IT) for HAL_UART_Receive_IT
    usart.o(i.USART1_IRQHandler) refers to usart.o(.bss) for UART1_Handler
    usart.o(i.USART1_IRQHandler) refers to usart.o(.data) for aRxBuffer
    usart.o(i._sys_exit) refers (Special) to use_no_semi_2.o(.text) for __use_no_semihosting
    usart.o(i.fputc) refers (Special) to use_no_semi_2.o(.text) for __use_no_semihosting
    usart.o(i.uart_init) refers (Special) to use_no_semi_2.o(.text) for __use_no_semihosting
    usart.o(i.uart_init) refers to stm32f1xx_hal_uart.o(i.HAL_UART_Init) for HAL_UART_Init
    usart.o(i.uart_init) refers to stm32f1xx_hal_uart.o(i.HAL_UART_Receive_IT) for HAL_UART_Receive_IT
    usart.o(i.uart_init) refers to usart.o(.bss) for UART1_Handler
    usart.o(i.uart_init) refers to usart.o(.data) for aRxBuffer
    usart.o(.bss) refers (Special) to use_no_semi_2.o(.text) for __use_no_semihosting
    usart.o(.data) refers (Special) to use_no_semi_2.o(.text) for __use_no_semihosting
    startup_stm32f103xb.o(STACK) refers (Special) to heapauxi.o(.text) for __use_two_region_memory
    startup_stm32f103xb.o(HEAP) refers (Special) to heapauxi.o(.text) for __use_two_region_memory
    startup_stm32f103xb.o(RESET) refers (Special) to heapauxi.o(.text) for __use_two_region_memory
    startup_stm32f103xb.o(RESET) refers to startup_stm32f103xb.o(STACK) for __initial_sp
    startup_stm32f103xb.o(RESET) refers to startup_stm32f103xb.o(.text) for Reset_Handler
    startup_stm32f103xb.o(RESET) refers to stm32f1xx_it.o(i.NMI_Handler) for NMI_Handler
    startup_stm32f103xb.o(RESET) refers to stm32f1xx_it.o(i.HardFault_Handler) for HardFault_Handler
    startup_stm32f103xb.o(RESET) refers to stm32f1xx_it.o(i.MemManage_Handler) for MemManage_Handler
    startup_stm32f103xb.o(RESET) refers to stm32f1xx_it.o(i.BusFault_Handler) for BusFault_Handler
[...]

==============================================================================

Image Symbol Table

    Local Symbols

    Symbol Name                              Value     Ov Type        Size  Object(Section)

    ../clib/angel/boardlib.s                 0x00000000   Number         0  boardinit1.o ABSOLUTE
    ../clib/angel/boardlib.s                 0x00000000   Number         0  boardinit3.o ABSOLUTE
    ../clib/angel/boardlib.s                 0x00000000   Number         0  boardinit2.o ABSOLUTE
    ../clib/angel/boardlib.s                 0x00000000   Number         0  boardshut.o ABSOLUTE
    ../clib/angel/dczerorl2.s                0x00000000   Number         0  __dczerorl2.o ABSOLUTE
    ../clib/angel/handlers.s                 0x00000000   Number         0  __scatter_zi.o ABSOLUTE
    ../clib/angel/kernel.s                   0x00000000   Number         0  __rtentry.o ABSOLUTE
    ../clib/angel/kernel.s                   0x00000000   Number         0  __rtentry2.o ABSOLUTE
    ../clib/angel/kernel.s                   0x00000000   Number         0  __rtentry4.o ABSOLUTE
    ../clib/angel/kernel.s                   0x00000000   Number         0  rtexit.o ABSOLUTE
    ../clib/angel/kernel.s                   0x00000000   Number         0  rtexit2.o ABSOLUTE
    ../clib/angel/rt.s                       0x00000000   Number         0  rt_raise.o ABSOLUTE
    ../clib/angel/scatter.s                  0x00000000   Number         0  __scatter.o ABSOLUTE
    ../clib/angel/startup.s                  0x00000000   Number         0  __main.o ABSOLUTE
    ../clib/angel/sys.s                      0x00000000   Number         0  indicate_semi.o ABSOLUTE
    ../clib/angel/sys.s                      0x00000000   Number         0  use_no_semi.o ABSOLUTE
    ../clib/angel/sys.s                      0x00000000   Number         0  sys_stackheap_outer.o ABSOLUTE
    ../clib/angel/sys.s                      0x00000000   Number         0  libspace.o ABSOLUTE
    ../clib/angel/sys.s                      0x00000000   Number         0  use_no_semi_2.o ABSOLUTE
    ../clib/angel/sysapp.c                   0x00000000   Number         0  sys_wrch.o ABSOLUTE
    ../clib/angel/sysapp.c                   0x00000000   Number         0  sys_command.o ABSOLUTE
    ../clib/armsys.c                         0x00000000   Number         0  no_argv.o ABSOLUTE
    ../clib/armsys.c                         0x00000000   Number         0  argv_veneer.o ABSOLUTE
    ../clib/armsys.c                         0x00000000   Number         0  argv_veneer.o ABSOLUTE
    ../clib/armsys.c                         0x00000000   Number         0  _get_argv_nomalloc.o ABSOLUTE
    ../clib/heapalloc.c                      0x00000000   Number         0  hrguard.o ABSOLUTE
    ../clib/heapaux.c                        0x00000000   Number         0  heapauxi.o ABSOLUTE
    ../clib/libinit.s                        0x00000000   Number         0  libinit2.o ABSOLUTE
    ../clib/libinit.s                        0x00000000   Number         0  libinit.o ABSOLUTE
    ../clib/libinit.s                        0x00000000   Number         0  libshutdown.o ABSOLUTE
    ../clib/libinit.s                        0x00000000   Number         0  libshutdown2.o ABSOLUTE
    ../clib/misc.s                           0x00000000   Number         0  printf_stubs.o ABSOLUTE
    ../clib/printf.c                         0x00000000   Number         0  __printf_flags_ss.o ABSOLUTE
    ../clib/printf.c                         0x00000000   Number         0  _printf_hex_int_ll.o ABSOLUTE
    ../clib/printf.c                         0x00000000   Number         0  _printf_hex_int.o ABSOLUTE
    ../clib/printf.c                         0x00000000   Number         0  _printf_hex_ll.o ABSOLUTE
    ../clib/printf.c                         0x00000000   Number         0  _printf_dec.o ABSOLUTE
    ../clib/printf.c                         0x00000000   Number         0  _printf_str.o ABSOLUTE
    ../clib/printf.c                         0x00000000   Number         0  _printf_pad.o ABSOLUTE
    ../clib/printf.c                         0x00000000   Number         0  __printf.o ABSOLUTE
    ../clib/printf.c                         0x00000000   Number         0  noretval__2printf.o ABSOLUTE
    ../clib/printf.c                         0x00000000   Number         0  _printf_hex_ptr.o ABSOLUTE
    ../clib/printf.c                         0x00000000   Number         0  _printf_intcommon.o ABSOLUTE
    ../clib/printf.c                         0x00000000   Number         0  _printf_char.o ABSOLUTE
    ../clib/printf.c                         0x00000000   Number         0  _printf_char_file.o ABSOLUTE
    ../clib/printf.c                         0x00000000   Number         0  __printf_wp.o ABSOLUTE
    ../clib/printf.c                         0x00000000   Number         0  __printf_flags_ss_wp.o ABSOLUTE
    ../clib/printf.c                         0x00000000   Number         0  __printf_ss_wp.o ABSOLUTE
    ../clib/printf.c                         0x00000000   Number         0  __printf_flags_wp.o ABSOLUTE
    ../clib/printf.c                         0x00000000   Number         0  _printf_char_common.o ABSOLUTE
    ../clib/printf.c                         0x00000000   Number         0  __printf_ss.o ABSOLUTE
    ../clib/printf.c                         0x00000000   Number         0  __printf_flags.o ABSOLUTE
    ../clib/printf.c                         0x00000000   Number         0  _printf_hex_int_ll_ptr.o ABSOLUTE
    ../clib/printf.c                         0x00000000   Number         0  _printf_hex_ll_ptr.o ABSOLUTE
    ../clib/printf.c                         0x00000000   Number         0  __printf_nopercent.o ABSOLUTE
    ../clib/printf.c                         0x00000000   Number         0  _printf_hex_int_ptr.o ABSOLUTE
    ../clib/printf.c                         0x00000000   Number         0  __2printf.o ABSOLUTE
    ../clib/printf_percent.s                 0x00000000   Number         0  _printf_percent.o ABSOLUTE
    ../clib/printf_percent.s                 0x00000000   Number         0  _printf_x.o ABSOLUTE
    ../clib/printf_percent.s                 0x00000000   Number         0  _printf_d.o ABSOLUTE
    ../clib/printf_percent.s                 0x00000000   Number         0  _printf_c.o ABSOLUTE
    ../clib/printf_percent.s                 0x00000000   Number         0  _printf_u.o ABSOLUTE
    ../clib/printf_percent.s                 0x00000000   Number         0  _printf_percent_end.o ABSOLUTE
    ../clib/printf_percent.s                 0x00000000   Number         0  _printf_s.o ABSOLUTE
    ../clib/signal.c                         0x00000000   Number         0  defsig_rtmem_outer.o ABSOLUTE
    ../clib/signal.c                         0x00000000   Number         0  defsig_other.o ABSOLUTE
    ../clib/signal.c                         0x00000000   Number         0  defsig_segv_inner.o ABSOLUTE
    ../clib/signal.c                         0x00000000   Number         0  defsig_cppl_inner.o ABSOLUTE
    ../clib/signal.c                         0x00000000   Number         0  defsig_pvfn_inner.o ABSOLUTE
    ../clib/signal.c                         0x00000000   Number         0  defsig_stak_inner.o ABSOLUTE
    ../clib/signal.c                         0x00000000   Number         0  defsig_rtred_inner.o ABSOLUTE
    ../clib/signal.c                         0x00000000   Number         0  defsig_fpe_inner.o ABSOLUTE
    ../clib/signal.c                         0x00000000   Number         0  defsig_abrt_inner.o ABSOLUTE
    ../clib/signal.c                         0x00000000   Number         0  defsig_general.o ABSOLUTE
    ../clib/signal.c                         0x00000000   Number         0  __raise.o ABSOLUTE
    ../clib/signal.c                         0x00000000   Number         0  defsig_rtmem_inner.o ABSOLUTE
    ../clib/signal.c                         0x00000000   Number         0  defsig_exit.o ABSOLUTE
    ../clib/signal.c                         0x00000000   Number         0  defsig_rtmem_formal.o ABSOLUTE
    ../clib/signal.s                         0x00000000   Number         0  defsig.o ABSOLUTE
    ../clib/stdio.c                          0x00000000   Number         0  ferror_locked.o ABSOLUTE
    ../clib/stdio.c                          0x00000000   Number         0  ferror.o ABSOLUTE
    ../clib/stdlib.c                         0x00000000   Number         0  exit.o ABSOLUTE
    ../fplib/fpinit.s                        0x00000000   Number         0  fpinit.o ABSOLUTE
    ..\CORE\startup_stm32f103xb.s            0x00000000   Number         0  startup_stm32f103xb.o ABSOLUTE
    ..\HALLIB\STM32F1xx_HAL_Driver\Src\stm32f1xx_hal.c 0x00000000   Number         0  stm32f1xx_hal.o ABSOLUTE
    ..\HALLIB\STM32F1xx_HAL_Driver\Src\stm32f1xx_hal_cortex.c 0x00000000   Number         0  stm32f1xx_hal_cortex.o ABSOLUTE
    ..\HALLIB\STM32F1xx_HAL_Driver\Src\stm32f1xx_hal_dma.c 0x00000000   Number         0  stm32f1xx_hal_dma.o ABSOLUTE
    ..\HALLIB\STM32F1xx_HAL_Driver\Src\stm32f1xx_hal_gpio.c 0x00000000   Number         0  stm32f1xx_hal_gpio.o ABSOLUTE
    ..\HALLIB\STM32F1xx_HAL_Driver\Src\stm32f1xx_hal_gpio_ex.c 0x00000000   Number         0  stm32f1xx_hal_gpio_ex.o ABSOLUTE
    ..\HALLIB\STM32F1xx_HAL_Driver\Src\stm32f1xx_hal_pwr.c 0x00000000   Number         0  stm32f1xx_hal_pwr.o ABSOLUTE
    ..\HALLIB\STM32F1xx_HAL_Driver\Src\stm32f1xx_hal_rcc.c 0x00000000   Number         0  stm32f1xx_hal_rcc.o ABSOLUTE
    ..\HALLIB\STM32F1xx_HAL_Driver\Src\stm32f1xx_hal_rcc_ex.c 0x00000000   Number         0  stm32f1xx_hal_rcc_ex.o ABSOLUTE
    ..\HALLIB\STM32F1xx_HAL_Driver\Src\stm32f1xx_hal_tim.c 0x00000000   Number         0  stm32f1xx_hal_tim.o ABSOLUTE
    ..\HALLIB\STM32F1xx_HAL_Driver\Src\stm32f1xx_hal_tim_ex.c 0x00000000   Number         0  stm32f1xx_hal_tim_ex.o ABSOLUTE
    ..\HALLIB\STM32F1xx_HAL_Driver\Src\stm32f1xx_hal_uart.c 0x00000000   Number         0  stm32f1xx_hal_uart.o ABSOLUTE
    ..\HALLIB\STM32F1xx_HAL_Driver\Src\stm32f1xx_hal_usart.c 0x00000000   Number         0  stm32f1xx_hal_usart.o ABSOLUTE
    ..\HARDWARE\KEY\key.c                    0x00000000   Number         0  key.o ABSOLUTE
    ..\HARDWARE\LED\led.c                    0x00000000   Number         0  led.o ABSOLUTE
    ..\HARDWARE\PAJ7620U2\paj7620u2.c        0x00000000   Number         0  paj7620u2.o ABSOLUTE
    ..\HARDWARE\PAJ7620U2\paj7620u2_iic.c    0x00000000   Number         0  paj7620u2_iic.o ABSOLUTE
    ..\SYSTEM\delay\delay.c                  0x00000000   Number         0  delay.o ABSOLUTE
    ..\SYSTEM\sys\sys.c                      0x00000000   Number         0  sys.o ABSOLUTE
    ..\SYSTEM\usart\usart.c                  0x00000000   Number         0  usart.o ABSOLUTE
    ..\USMART\usmart.c                       0x00000000   Number         0  usmart.o ABSOLUTE
    ..\USMART\usmart_config.c                0x00000000   Number         0  usmart_config.o ABSOLUTE
    ..\USMART\usmart_str.c                   0x00000000   Number         0  usmart_str.o ABSOLUTE
    ..\\HALLIB\\STM32F1xx_HAL_Driver\\Src\\stm32f1xx_hal.c 0x00000000   Number         0  stm32f1xx_hal.o ABSOLUTE
    ..\\HALLIB\\STM32F1xx_HAL_Driver\\Src\\stm32f1xx_hal_cortex.c 0x00000000   Number         0  stm32f1xx_hal_cortex.o ABSOLUTE
    ..\\HALLIB\\STM32F1xx_HAL_Driver\\Src\\stm32f1xx_hal_dma.c 0x00000000   Number         0  stm32f1xx_hal_dma.o ABSOLUTE
    ..\\HALLIB\\STM32F1xx_HAL_Driver\\Src\\stm32f1xx_hal_gpio.c 0x00000000   Number         0  stm32f1xx_hal_gpio.o ABSOLUTE
    ..\\HALLIB\\STM32F1xx_HAL_Driver\\Src\\stm32f1xx_hal_gpio_ex.c 0x00000000   Number         0  stm32f1xx_hal_gpio_ex.o ABSOLUTE
    ..\\HALLIB\\STM32F1xx_HAL_Driver\\Src\\stm32f1xx_hal_pwr.c 0x00000000   Number         0  stm32f1xx_hal_pwr.o ABSOLUTE
    ..\\HALLIB\\STM32F1xx_HAL_Driver\\Src\\stm32f1xx_hal_rcc.c 0x00000000   Number         0  stm32f1xx_hal_rcc.o ABSOLUTE
    ..\\HALLIB\\STM32F1xx_HAL_Driver\\Src\\stm32f1xx_hal_rcc_ex.c 0x00000000   Number         0  stm32f1xx_hal_rcc_ex.o ABSOLUTE
    ..\\HALLIB\\STM32F1xx_HAL_Driver\\Src\\stm32f1xx_hal_tim.c 0x00000000   Number         0  stm32f1xx_hal_tim.o ABSOLUTE
    ..\\HALLIB\\STM32F1xx_HAL_Driver\\Src\\stm32f1xx_hal_tim_ex.c 0x00000000   Number         0  stm32f1xx_hal_tim_ex.o ABSOLUTE
    ..\\HALLIB\\STM32F1xx_HAL_Driver\\Src\\stm32f1xx_hal_uart.c 0x00000000   Number         0  stm32f1xx_hal_uart.o ABSOLUTE
    ..\\HALLIB\\STM32F1xx_HAL_Driver\\Src\\stm32f1xx_hal_usart.c 0x00000000   Number         0  stm32f1xx_hal_usart.o ABSOLUTE
    ..\\HARDWARE\\KEY\\key.c                 0x00000000   Number         0  key.o ABSOLUTE
    ..\\HARDWARE\\LED\\led.c                 0x00000000   Number         0  led.o ABSOLUTE
    ..\\HARDWARE\\PAJ7620U2\\paj7620u2.c     0x00000000   Number         0  paj7620u2.o ABSOLUTE
    ..\\HARDWARE\\PAJ7620U2\\paj7620u2_iic.c 0x00000000   Number         0  paj7620u2_iic.o ABSOLUTE
    ..\\SYSTEM\\delay\\delay.c               0x00000000   Number         0  delay.o ABSOLUTE
    ..\\SYSTEM\\sys\\sys.c                   0x00000000   Number         0  sys.o ABSOLUTE
    ..\\SYSTEM\\usart\\usart.c               0x00000000   Number         0  usart.o ABSOLUTE
    ..\\USMART\\usmart.c                     0x00000000   Number         0  usmart.o ABSOLUTE
    ..\\USMART\\usmart_config.c              0x00000000   Number         0  usmart_config.o ABSOLUTE
    ..\\USMART\\usmart_str.c                 0x00000000   Number         0  usmart_str.o ABSOLUTE
    dc.s                                     0x00000000   Number         0  dc.o ABSOLUTE
    main.c                                   0x00000000   Number         0  main.o ABSOLUTE
    main.c                                   0x00000000   Number         0  main.o ABSOLUTE
    stm32f1xx_hal_msp.c                      0x00000000   Number         0  stm32f1xx_hal_msp.o ABSOLUTE
    stm32f1xx_hal_msp.c                      0x00000000   Number         0  stm32f1xx_hal_msp.o ABSOLUTE
    stm32f1xx_it.c                           0x00000000   Number         0  stm32f1xx_it.o ABSOLUTE
    stm32f1xx_it.c                           0x00000000   Number         0  stm32f1xx_it.o ABSOLUTE
    system_stm32f1xx.c                       0x00000000   Number         0  system_stm32f1xx.o ABSOLUTE
    system_stm32f1xx.c                       0x00000000   Number         0  system_stm32f1xx.o ABSOLUTE
    RESET                                    0x08000000   Section      236  startup_stm32f103xb.o(RESET)
    !!!main                                  0x080000ec   Section        8  __main.o(!!!main)
    !!!scatter                               0x080000f4   Section       52  __scatter.o(!!!scatter)
    !!dczerorl2                              0x08000128   Section       90  __dczerorl2.o(!!dczerorl2)
    !!handler_zi                             0x08000184   Section       28  __scatter_zi.o(!!handler_zi)
    .ARM.Collect$$_printf_percent$$00000000  0x080001a0   Section        0  _printf_percent.o(.ARM.Collect$$_printf_percent$$00000000)
    .ARM.Collect$$_printf_percent$$00000009  0x080001a0   Section        6  _printf_d.o(.ARM.Collect$$_printf_percent$$00000009)
    .ARM.Collect$$_printf_percent$$0000000A  0x080001a6   Section        6  _printf_u.o(.ARM.Collect$$_printf_percent$$0000000A)
    .ARM.Collect$$_printf_percent$$0000000C  0x080001ac   Section        6  _printf_x.o(.ARM.Collect$$_printf_percent$$0000000C)
    .ARM.Collect$$_printf_percent$$00000013  0x080001b2   Section        6  _printf_c.o(.ARM.Collect$$_printf_percent$$00000013)
    .ARM.Collect$$_printf_percent$$00000014  0x080001b8   Section        6  _printf_s.o(.ARM.Collect$$_printf_percent$$00000014)
    .ARM.Collect$$_printf_percent$$00000017  0x080001be   Section        4  _printf_percent_end.o(.ARM.Collect$$_printf_percent$$00000017)
    .ARM.Collect$$libinit$$00000000          0x080001c2   Section        2  libinit.o(.ARM.Collect$$libinit$$00000000)
    .ARM.Collect$$libinit$$00000002          0x080001c4   Section        0  libinit2.o(.ARM.Collect$$libinit$$00000002)
    .ARM.Collect$$libinit$$00000004          0x080001c4   Section        0  libinit2.o(.ARM.Collect$$libinit$$00000004)
    .ARM.Collect$$libinit$$0000000A          0x080001c4   Section        0  libinit2.o(.ARM.Collect$$libinit$$0000000A)
    .ARM.Collect$$libinit$$0000000C          0x080001c4   Section        0  libinit2.o(.ARM.Collect$$libinit$$0000000C)
    .ARM.Collect$$libinit$$0000000E          0x080001c4   Section        0  libinit2.o(.ARM.Collect$$libinit$$0000000E)
    .ARM.Collect$$libinit$$00000011          0x080001c4   Section        0  libinit2.o(.ARM.Collect$$libinit$$00000011)
    .ARM.Collect$$libinit$$00000013          0x080001c4   Section        0  libinit2.o(.ARM.Collect$$libinit$$00000013)
    .ARM.Collect$$libinit$$00000015          0x080001c4   Section        0  libinit2.o(.ARM.Collect$$libinit$$00000015)
    .ARM.Collect$$libinit$$00000017          0x080001c4   Section        0  libinit2.o(.ARM.Collect$$libinit$$00000017)
    .ARM.Collect$$libinit$$00000019          0x080001c4   Section        0  libinit2.o(.ARM.Collect$$libinit$$00000019)
    .ARM.Collect$$libinit$$0000001B          0x080001c4   Section        0  libinit2.o(.ARM.Collect$$libinit$$0000001B)
    .ARM.Collect$$libinit$$0000001D          0x080001c4   Section        0  libinit2.o(.ARM.Collect$$libinit$$0000001D)
    .ARM.Collect$$libinit$$0000001F          0x080001c4   Section        0  libinit2.o(.ARM.Collect$$libinit$$0000001F)
    .ARM.Collect$$libinit$$00000021          0x080001c4   Section        0  libinit2.o(.ARM.Collect$$libinit$$00000021)
    .ARM.Collect$$libinit$$00000023          0x080001c4   Section        0  libinit2.o(.ARM.Collect$$libinit$$00000023)
    .ARM.Collect$$libinit$$00000025          0x080001c4   Section        0  libinit2.o(.ARM.Collect$$libinit$$00000025)
    .ARM.Collect$$libinit$$0000002C          0x080001c4   Section        0  libinit2.o(.ARM.Collect$$libinit$$0000002C)
    .ARM.Collect$$libinit$$0000002E          0x080001c4   Section        0  libinit2.o(.ARM.Collect$$libinit$$0000002E)
    .ARM.Collect$$libinit$$00000030          0x080001c4   Section        0  libinit2.o(.ARM.Collect$$libinit$$00000030)
    .ARM.Collect$$libinit$$00000032          0x080001c4   Section        0  libinit2.o(.ARM.Collect$$libinit$$00000032)
    .ARM.Collect$$libinit$$00000033          0x080001c4   Section        2  libinit2.o(.ARM.Collect$$libinit$$00000033)
    .ARM.Collect$$libshutdown$$00000000      0x080001c6   Section        2  libshutdown.o(.ARM.Collect$$libshutdown$$00000000)
    .ARM.Collect$$libshutdown$$00000002      0x080001c8   Section        0  libshutdown2.o(.ARM.Collect$$libshutdown$$00000002)
    .ARM.Collect$$libshutdown$$00000004      0x080001c8   Section        0  libshutdown2.o(.ARM.Collect$$libshutdown$$00000004)
    .ARM.Collect$$libshutdown$$00000007      0x080001c8   Section        0  libshutdown2.o(.ARM.Collect$$libshutdown$$00000007)
    .ARM.Collect$$libshutdown$$0000000A      0x080001c8   Section        0  libshutdown2.o(.ARM.Collect$$libshutdown$$0000000A)
    .ARM.Collect$$libshutdown$$0000000C      0x080001c8   Section        0  libshutdown2.o(.ARM.Collect$$libshutdown$$0000000C)
    .ARM.Collect$$libshutdown$$0000000F      0x080001c8   Section        0  libshutdown2.o(.ARM.Collect$$libshutdown$$0000000F)
    .ARM.Collect$$libshutdown$$00000010      0x080001c8   Section        2  libshutdown2.o(.ARM.Collect$$libshutdown$$00000010)
    .ARM.Collect$$rtentry$$00000000          0x080001ca   Section        0  __rtentry.o(.ARM.Collect$$rtentry$$00000000)
    .ARM.Collect$$rtentry$$00000002          0x080001ca   Section        0  __rtentry2.o(.ARM.Collect$$rtentry$$00000002)
    .ARM.Collect$$rtentry$$00000004          0x080001ca   Section        6  __rtentry4.o(.ARM.Collect$$rtentry$$00000004)
    .ARM.Collect$$rtentry$$00000009          0x080001d0   Section        0  __rtentry2.o(.ARM.Collect$$rtentry$$00000009)
    .ARM.Collect$$rtentry$$0000000A          0x080001d0   Section        4  __rtentry2.o(.ARM.Collect$$rtentry$$0000000A)
    .ARM.Collect$$rtentry$$0000000C          0x080001d4   Section        0  __rtentry2.o(.ARM.Collect$$rtentry$$0000000C)
    .ARM.Collect$$rtentry$$0000000D          0x080001d4   Section        8  __rtentry2.o(.ARM.Collect$$rtentry$$0000000D)
    .ARM.Collect$$rtexit$$00000000           0x080001dc   Section        2  rtexit.o(.ARM.Collect$$rtexit$$00000000)
    .ARM.Collect$$rtexit$$00000002           0x080001de   Section        0  rtexit2.o(.ARM.Collect$$rtexit$$00000002)
    .ARM.Collect$$rtexit$$00000003           0x080001de   Section        4  rtexit2.o(.ARM.Collect$$rtexit$$00000003)
    .ARM.Collect$$rtexit$$00000004           0x080001e2   Section        6  rtexit2.o(.ARM.Collect$$rtexit$$00000004)
    .text                                    0x080001e8   Section       64  startup_stm32f103xb.o(.text)
    .text                                    0x08000228   Section        2  use_no_semi_2.o(.text)
    .text                                    0x0800022c   Section        0  noretval__2printf.o(.text)
    .text                                    0x08000244   Section        0  _printf_pad.o(.text)
    .text                                    0x08000292   Section        0  _printf_str.o(.text)
    .text                                    0x080002e4   Section        0  _printf_dec.o(.text)
    .text                                    0x0800035c   Section        0  _printf_hex_int.o(.text)
    .text                                    0x080003b4   Section        0  __printf_flags_ss_wp.o(.text)
    .text                                    0x0800053c   Section        0  heapauxi.o(.text)
    .text                                    0x08000542   Section        2  use_no_semi.o(.text)
    .text                                    0x08000544   Section        0  _printf_intcommon.o(.text)
    .text                                    0x080005f6   Section        0  _printf_char.o(.text)
    .text                                    0x08000624   Section        0  _printf_char_file.o(.text)
    .text                                    0x08000648   Section        0  _printf_char_common.o(.text)
    _printf_input_char                       0x08000649   Thumb Code    10  _printf_char_common.o(.text)
    .text                                    0x08000678   Section        0  ferror.o(.text)
    .text                                    0x08000680   Section       74  sys_stackheap_outer.o(.text)
    .text                                    0x080006ca   Section        0  exit.o(.text)
    .text                                    0x080006dc   Section        8  libspace.o(.text)
    i.BusFault_Handler                       0x080006e4   Section        0  stm32f1xx_it.o(i.BusFault_Handler)
    i.DebugMon_Handler                       0x080006e8   Section        0  stm32f1xx_it.o(i.DebugMon_Handler)
    i.GS_IIC_Ack                             0x080006ec   Section        0  paj7620u2_iic.o(i.GS_IIC_Ack)
    GS_IIC_Ack                               0x080006ed   Thumb Code    66  paj7620u2_iic.o(i.GS_IIC_Ack)
    i.GS_IIC_NAck                            0x0800073c   Section        0  paj7620u2_iic.o(i.GS_IIC_NAck)
    GS_IIC_NAck                              0x0800073d   Thumb Code    66  paj7620u2_iic.o(i.GS_IIC_NAck)
    i.GS_IIC_Read_Byte                       0x0800078c   Section        0  paj7620u2_iic.o(i.GS_IIC_Read_Byte)
    GS_IIC_Read_Byte                         0x0800078d   Thumb Code    98  paj7620u2_iic.o(i.GS_IIC_Read_Byte)
    i.GS_IIC_Send_Byte                       0x080007fc   Section        0  paj7620u2_iic.o(i.GS_IIC_Send_Byte)
    GS_IIC_Send_Byte                         0x080007fd   Thumb Code   104  paj7620u2_iic.o(i.GS_IIC_Send_Byte)
    i.GS_IIC_Start                           0x08000870   Section        0  paj7620u2_iic.o(i.GS_IIC_Start)
    GS_IIC_Start                             0x08000871   Thumb Code    64  paj7620u2_iic.o(i.GS_IIC_Start)
    i.GS_IIC_Stop                            0x080008bc   Section        0  paj7620u2_iic.o(i.GS_IIC_Stop)
    GS_IIC_Stop                              0x080008bd   Thumb Code    62  paj7620u2_iic.o(i.GS_IIC_Stop)
    i.GS_IIC_Wait_Ack                        0x08000908   Section        0  paj7620u2_iic.o(i.GS_IIC_Wait_Ack)
    GS_IIC_Wait_Ack                          0x08000909   Thumb Code    90  paj7620u2_iic.o(i.GS_IIC_Wait_Ack)
    i.GS_Read_Byte                           0x08000970   Section        0  paj7620u2_iic.o(i.GS_Read_Byte)
    i.GS_Read_nByte                          0x080009b4   Section        0  paj7620u2_iic.o(i.GS_Read_nByte)
    i.GS_WakeUp                              0x08000a16   Section        0  paj7620u2_iic.o(i.GS_WakeUp)
    i.GS_Write_Byte                          0x08000a28   Section        0  paj7620u2_iic.o(i.GS_Write_Byte)
    i.GS_i2c_init                            0x08000a64   Section        0  paj7620u2_iic.o(i.GS_i2c_init)
    i.Gesture_test                           0x08000ab0   Section        0  paj7620u2.o(i.Gesture_test)
    i.HAL_DMA_Abort_IT                       0x08000c70   Section        0  stm32f1xx_hal_dma.o(i.HAL_DMA_Abort_IT)
    i.HAL_GPIO_Init                          0x08000d20   Section        0  stm32f1xx_hal_gpio.o(i.HAL_GPIO_Init)
    i.HAL_GPIO_ReadPin                       0x0800103c   Section        0  stm32f1xx_hal_gpio.o(i.HAL_GPIO_ReadPin)
    i.HAL_GPIO_WritePin                      0x0800104c   Section        0  stm32f1xx_hal_gpio.o(i.HAL_GPIO_WritePin)
    i.HAL_GetTick                            0x08001058   Section        0  stm32f1xx_hal.o(i.HAL_GetTick)
    i.HAL_IncTick                            0x08001064   Section        0  stm32f1xx_hal.o(i.HAL_IncTick)
    i.HAL_Init                               0x08001074   Section        0  stm32f1xx_hal.o(i.HAL_Init)
    i.HAL_InitTick                           0x0800109c   Section        0  stm32f1xx_hal.o(i.HAL_InitTick)
    i.HAL_MspInit                            0x080010c4   Section        0  stm32f1xx_hal_msp.o(i.HAL_MspInit)
    i.HAL_NVIC_EnableIRQ                     0x080010c6   Section        0  stm32f1xx_hal_cortex.o(i.HAL_NVIC_EnableIRQ)
    i.HAL_NVIC_SetPriority                   0x080010e0   Section        0  stm32f1xx_hal_cortex.o(i.HAL_NVIC_SetPriority)
    i.HAL_NVIC_SetPriorityGrouping           0x0800115c   Section        0  stm32f1xx_hal_cortex.o(i.HAL_NVIC_SetPriorityGrouping)
    i.HAL_RCC_ClockConfig                    0x08001184   Section        0  stm32f1xx_hal_rcc.o(i.HAL_RCC_ClockConfig)
    i.HAL_RCC_GetHCLKFreq                    0x08001328   Section        0  stm32f1xx_hal_rcc.o(i.HAL_RCC_GetHCLKFreq)
    i.HAL_RCC_GetPCLK1Freq                   0x08001334   Section        0  stm32f1xx_hal_rcc.o(i.HAL_RCC_GetPCLK1Freq)
    i.HAL_RCC_GetPCLK2Freq                   0x08001354   Section        0  stm32f1xx_hal_rcc.o(i.HAL_RCC_GetPCLK2Freq)
    i.HAL_RCC_GetSysClockFreq                0x08001374   Section        0  stm32f1xx_hal_rcc.o(i.HAL_RCC_GetSysClockFreq)
    i.HAL_RCC_OscConfig                      0x0800140c   Section        0  stm32f1xx_hal_rcc.o(i.HAL_RCC_OscConfig)
    i.HAL_SYSTICK_CLKSourceConfig            0x0800184c   Section        0  stm32f1xx_hal_cortex.o(i.HAL_SYSTICK_CLKSourceConfig)
    i.HAL_SYSTICK_Config                     0x08001874   Section        0  stm32f1xx_hal_cortex.o(i.HAL_SYSTICK_Config)
    i.HAL_TIM_Base_Init                      0x080018a8   Section        0  stm32f1xx_hal_tim.o(i.HAL_TIM_Base_Init)
    i.HAL_TIM_Base_MspInit                   0x080018dc   Section        0  stm32f1xx_hal_tim.o(i.HAL_TIM_Base_MspInit)
    i.HAL_TIM_Base_Start_IT                  0x080018de   Section        0  stm32f1xx_hal_tim.o(i.HAL_TIM_Base_Start_IT)
    i.HAL_UART_ErrorCallback                 0x080018fc   Section        0  stm32f1xx_hal_uart.o(i.HAL_UART_ErrorCallback)
    i.HAL_UART_GetState                      0x080018fe   Section        0  stm32f1xx_hal_uart.o(i.HAL_UART_GetState)
    i.HAL_UART_IRQHandler                    0x08001914   Section        0  stm32f1xx_hal_uart.o(i.HAL_UART_IRQHandler)
    i.HAL_UART_Init                          0x08001a60   Section        0  stm32f1xx_hal_uart.o(i.HAL_UART_Init)
    i.HAL_UART_MspInit                       0x08001ad4   Section        0  usart.o(i.HAL_UART_MspInit)
    i.HAL_UART_Receive_IT                    0x08001b7c   Section        0  stm32f1xx_hal_uart.o(i.HAL_UART_Receive_IT)
    i.HAL_UART_RxCpltCallback                0x08001bec   Section        0  usart.o(i.HAL_UART_RxCpltCallback)
    i.HAL_UART_TxCpltCallback                0x08001c74   Section        0  stm32f1xx_hal_uart.o(i.HAL_UART_TxCpltCallback)
    i.HardFault_Handler                      0x08001c76   Section        0  stm32f1xx_it.o(i.HardFault_Handler)
    i.KEY_Init                               0x08001c7c   Section        0  key.o(i.KEY_Init)
    i.KEY_Scan                               0x08001d24   Section        0  key.o(i.KEY_Scan)
    i.LED_Init                               0x08001dfc   Section        0  led.o(i.LED_Init)
    i.MemManage_Handler                      0x08001e48   Section        0  stm32f1xx_it.o(i.MemManage_Handler)
    i.NMI_Handler                            0x08001e4c   Section        0  stm32f1xx_it.o(i.NMI_Handler)
    i.NVIC_GetPriorityGrouping               0x08001e50   Section        0  stm32f1xx_hal_cortex.o(i.NVIC_GetPriorityGrouping)
    NVIC_GetPriorityGrouping                 0x08001e51   Thumb Code    10  stm32f1xx_hal_cortex.o(i.NVIC_GetPriorityGrouping)
    i.NVIC_SetPriority                       0x08001e60   Section        0  stm32f1xx_hal_cortex.o(i.NVIC_SetPriority)
    NVIC_SetPriority                         0x08001e61   Thumb Code    32  stm32f1xx_hal_cortex.o(i.NVIC_SetPriority)
    i.PendSV_Handler                         0x08001e88   Section        0  stm32f1xx_it.o(i.PendSV_Handler)
    i.Ps_test                                0x08001e8c   Section        0  paj7620u2.o(i.Ps_test)
    i.RCC_Delay                              0x08001f70   Section        0  stm32f1xx_hal_rcc.o(i.RCC_Delay)
    RCC_Delay                                0x08001f71   Thumb Code    36  stm32f1xx_hal_rcc.o(i.RCC_Delay)
    i.SVC_Handler                            0x08001f98   Section        0  stm32f1xx_it.o(i.SVC_Handler)
    i.Stm32_Clock_Init                       0x08001f9a   Section        0  sys.o(i.Stm32_Clock_Init)
    i.SysTick_Handler                        0x08001ff0   Section        0  stm32f1xx_it.o(i.SysTick_Handler)
    i.SystemInit                             0x08001ff8   Section        0  system_stm32f1xx.o(i.SystemInit)
    i.TIM4_IRQHandler                        0x08002050   Section        0  usmart.o(i.TIM4_IRQHandler)
    i.TIM_Base_SetConfig                     0x08002094   Section        0  stm32f1xx_hal_tim.o(i.TIM_Base_SetConfig)
    i.Timer4_Init                            0x08002108   Section        0  usmart.o(i.Timer4_Init)
    i.UART_DMAAbortOnError                   0x08002168   Section        0  stm32f1xx_hal_uart.o(i.UART_DMAAbortOnError)
    UART_DMAAbortOnError                     0x08002169   Thumb Code    20  stm32f1xx_hal_uart.o(i.UART_DMAAbortOnError)
    i.UART_EndRxTransfer                     0x0800217c   Section        0  stm32f1xx_hal_uart.o(i.UART_EndRxTransfer)
    UART_EndRxTransfer                       0x0800217d   Thumb Code    32  stm32f1xx_hal_uart.o(i.UART_EndRxTransfer)
    i.UART_EndTransmit_IT                    0x0800219c   Section        0  stm32f1xx_hal_uart.o(i.UART_EndTransmit_IT)
    UART_EndTransmit_IT                      0x0800219d   Thumb Code    32  stm32f1xx_hal_uart.o(i.UART_EndTransmit_IT)
    i.UART_Receive_IT                        0x080021bc   Section        0  stm32f1xx_hal_uart.o(i.UART_Receive_IT)
    UART_Receive_IT                          0x080021bd   Thumb Code   166  stm32f1xx_hal_uart.o(i.UART_Receive_IT)
    i.UART_SetConfig                         0x08002264   Section        0  stm32f1xx_hal_uart.o(i.UART_SetConfig)
    UART_SetConfig                           0x08002265   Thumb Code   450  stm32f1xx_hal_uart.o(i.UART_SetConfig)
    i.UART_Transmit_IT                       0x0800242c   Section        0  stm32f1xx_hal_uart.o(i.UART_Transmit_IT)
    UART_Transmit_IT                         0x0800242d   Thumb Code   104  stm32f1xx_hal_uart.o(i.UART_Transmit_IT)
    i.USART1_IRQHandler                      0x08002494   Section        0  usart.o(i.USART1_IRQHandler)
    i.UsageFault_Handler                     0x080024d4   Section        0  stm32f1xx_it.o(i.UsageFault_Handler)
    i._is_digit                              0x080024d8   Section        0  __printf_wp.o(i._is_digit)
    i._sys_exit                              0x080024e6   Section        0  usart.o(i._sys_exit)
    i.delay_init                             0x080024ec   Section        0  delay.o(i.delay_init)
    i.delay_ms                               0x08002500   Section        0  delay.o(i.delay_ms)
    i.delay_us                               0x08002518   Section        0  delay.o(i.delay_us)
    i.fputc                                  0x08002560   Section        0  usart.o(i.fputc)
    i.main                                   0x0800257c   Section        0  main.o(i.main)
    i.paj7620u2_init                         0x08002644   Section        0  paj7620u2.o(i.paj7620u2_init)
    i.paj7620u2_selectBank                   0x08002688   Section        0  paj7620u2.o(i.paj7620u2_selectBank)
    i.paj7620u2_sensor_test                  0x080026ac   Section        0  paj7620u2.o(i.paj7620u2_sensor_test)
    i.paj7620u2_test_ui                      0x080026f8   Section        0  paj7620u2.o(i.paj7620u2_test_ui)
    i.paj7620u2_wakeup                       0x08002744   Section        0  paj7620u2.o(i.paj7620u2_wakeup)
    i.read_addr                              0x08002776   Section        0  usmart.o(i.read_addr)
    i.uart_init                              0x0800277c   Section        0  usart.o(i.uart_init)
    i.usmart_cmd_rec                         0x080027b4   Section        0  usmart.o(i.usmart_cmd_rec)
    i.usmart_exe                             0x08002864   Section        0  usmart.o(i.usmart_exe)
    i.usmart_get_aparm                       0x08002b38   Section        0  usmart_str.o(i.usmart_get_aparm)
    i.usmart_get_cmdname                     0x08002c0c   Section        0  usmart_str.o(i.usmart_get_cmdname)
    i.usmart_get_fname                       0x08002c44   Section        0  usmart_str.o(i.usmart_get_fname)
    i.usmart_get_fparam                      0x08002e04   Section        0  usmart_str.o(i.usmart_get_fparam)
    i.usmart_get_parmpos                     0x08002f10   Section        0  usmart_str.o(i.usmart_get_parmpos)
    i.usmart_get_runtime                     0x08002f30   Section        0  usmart.o(i.usmart_get_runtime)
    i.usmart_init                            0x08002f74   Section        0  usmart.o(i.usmart_init)
    i.usmart_pow                             0x08002f9c   Section        0  usmart_str.o(i.usmart_pow)
    i.usmart_reset_runtime                   0x08002fb4   Section        0  usmart.o(i.usmart_reset_runtime)
    i.usmart_scan                            0x08002fe8   Section        0  usmart.o(i.usmart_scan)
    i.usmart_search_nextc                    0x080030a4   Section        0  usmart_str.o(i.usmart_search_nextc)
    i.usmart_str2num                         0x080030ba   Section        0  usmart_str.o(i.usmart_str2num)
    i.usmart_strcmp                          0x080031c0   Section        0  usmart_str.o(i.usmart_strcmp)
    i.usmart_strcopy                         0x080031e2   Section        0  usmart_str.o(i.usmart_strcopy)
    i.usmart_strlen                          0x080031f8   Section        0  usmart_str.o(i.usmart_strlen)
    i.usmart_sys_cmd_exe                     0x08003210   Section        0  usmart.o(i.usmart_sys_cmd_exe)
    i.write_addr                             0x08003904   Section        0  usmart.o(i.write_addr)
    .constdata                               0x08003908   Section       24  system_stm32f1xx.o(.constdata)
    .constdata                               0x08003920   Section      232  paj7620u2.o(.constdata)
    .constdata                               0x08003a08   Section       40  _printf_hex_int.o(.constdata)
    uc_hextab                                0x08003a08   Data          20  _printf_hex_int.o(.constdata)
    lc_hextab                                0x08003a1c   Data          20  _printf_hex_int.o(.constdata)
    .constdata                               0x08003a30   Section       17  __printf_flags_ss_wp.o(.constdata)
    maptable                                 0x08003a30   Data          17  __printf_flags_ss_wp.o(.constdata)
    .conststring                             0x08003a44   Section       40  usmart.o(.conststring)
    .conststring                             0x08003a6c   Section      140  usmart_config.o(.conststring)
    .data                                    0x20000000   Section        4  system_stm32f1xx.o(.data)
    .data                                    0x20000004   Section        4  delay.o(.data)
    fac_us                                   0x20000004   Data           4  delay.o(.data)
    .data                                    0x20000008   Section        7  usart.o(.data)
    .data                                    0x20000010   Section        4  stm32f1xx_hal.o(.data)
    .data                                    0x20000014   Section        1  key.o(.data)
    key_up                                   0x20000014   Data           1  key.o(.data)
    .data                                    0x20000018   Section       28  usmart.o(.data)
    .data                                    0x20000034   Section      276  usmart_config.o(.data)
    .bss                                     0x20000148   Section      264  usart.o(.bss)
    .bss                                     0x20000250   Section       64  usmart.o(.bss)
    .bss                                     0x20000290   Section       96  libspace.o(.bss)
    HEAP                                     0x200002f0   Section      512  startup_stm32f103xb.o(HEAP)
    Heap_Mem                                 0x200002f0   Data         512  startup_stm32f103xb.o(HEAP)
    STACK                                    0x200004f0   Section     1024  startup_stm32f103xb.o(STACK)
    Stack_Mem                                0x200004f0   Data        1024  startup_stm32f103xb.o(STACK)
    __initial_sp                             0x200008f0   Data           0  startup_stm32f103xb.o(STACK)

    Global Symbols

    Symbol Name                              Value     Ov Type        Size  Object(Section)

    BuildAttributes$$THM_ISAv4$P$D$K$B$S$PE$A:L22UL41UL21$X:L11$S22US41US21$IEEE1$IW$USESV6$~STKCKD$USESV7$~SHL$OSPACE$ROPI$EBA8$UX$STANDARDLIB$REQ8$PRES8$EABIv2 0x00000000   Number         0  anon$$obj.o ABSOLUTE
    __ARM_use_no_argv                        0x00000000   Number         0  main.o ABSOLUTE
    _printf_flags                            0x00000000   Number         0  printf_stubs.o ABSOLUTE
    _printf_return_value                     0x00000000   Number         0  printf_stubs.o ABSOLUTE
    _printf_sizespec                         0x00000000   Number         0  printf_stubs.o ABSOLUTE
    _printf_widthprec                        0x00000000   Number         0  printf_stubs.o ABSOLUTE
    __ARM_exceptions_init                     - Undefined Weak Reference
    __alloca_initialize                       - Undefined Weak Reference
    __arm_preinit_                            - Undefined Weak Reference
    __cpp_initialize__aeabi_                  - Undefined Weak Reference
    __cxa_finalize                            - Undefined Weak Reference
    __rt_locale                               - Undefined Weak Reference
    __sigvec_lookup                           - Undefined Weak Reference
    _atexit_init                              - Undefined Weak Reference
    _call_atexit_fns                          - Undefined Weak Reference
    _clock_init                               - Undefined Weak Reference
    _fp_trap_init                             - Undefined Weak Reference
    _fp_trap_shutdown                         - Undefined Weak Reference
    _get_lc_collate                           - Undefined Weak Reference
    _get_lc_ctype                             - Undefined Weak Reference
    _get_lc_monetary                          - Undefined Weak Reference
    _get_lc_numeric                           - Undefined Weak Reference
    _get_lc_time                              - Undefined Weak Reference
    _getenv_init                              - Undefined Weak Reference
    _handle_redirection                       - Undefined Weak Reference
    _init_alloc                               - Undefined Weak Reference
    _init_user_alloc                          - Undefined Weak Reference
    _initio                                   - Undefined Weak Reference
    _mutex_acquire                            - Undefined Weak Reference
    _mutex_release                            - Undefined Weak Reference
    _printf_mbtowc                            - Undefined Weak Reference
    _printf_truncate_signed                   - Undefined Weak Reference
    _printf_truncate_unsigned                 - Undefined Weak Reference
    _rand_init                                - Undefined Weak Reference
    _signal_finish                            - Undefined Weak Reference
    _signal_init                              - Undefined Weak Reference
    _terminate_alloc                          - Undefined Weak Reference
    _terminate_user_alloc                     - Undefined Weak Reference
    _terminateio                              - Undefined Weak Reference
    __Vectors_Size                           0x000000ec   Number         0  startup_stm32f103xb.o ABSOLUTE
    __Vectors                                0x08000000   Data           4  startup_stm32f103xb.o(RESET)
    __Vectors_End                            0x080000ec   Data           0  startup_stm32f103xb.o(RESET)
    __main                                   0x080000ed   Thumb Code     8  __main.o(!!!main)
    __scatterload                            0x080000f5   Thumb Code     0  __scatter.o(!!!scatter)
    __scatterload_rt2                        0x080000f5   Thumb Code    44  __scatter.o(!!!scatter)
    __scatterload_rt2_thumb_only             0x080000f5   Thumb Code     0  __scatter.o(!!!scatter)
    __scatterload_null                       0x08000103   Thumb Code     0  __scatter.o(!!!scatter)
    __decompress                             0x08000129   Thumb Code    90  __dczerorl2.o(!!dczerorl2)
    __decompress1                            0x08000129   Thumb Code     0  __dczerorl2.o(!!dczerorl2)
    __scatterload_zeroinit                   0x08000185   Thumb Code    28  __scatter_zi.o(!!handler_zi)
    _printf_d                                0x080001a1   Thumb Code     0  _printf_d.o(.ARM.Collect$$_printf_percent$$00000009)
    _printf_percent                          0x080001a1   Thumb Code     0  _printf_percent.o(.ARM.Collect$$_printf_percent$$00000000)
    _printf_u                                0x080001a7   Thumb Code     0  _printf_u.o(.ARM.Collect$$_printf_percent$$0000000A)
    _printf_x                                0x080001ad   Thumb Code     0  _printf_x.o(.ARM.Collect$$_printf_percent$$0000000C)
    _printf_c                                0x080001b3   Thumb Code     0  _printf_c.o(.ARM.Collect$$_printf_percent$$00000013)
    _printf_s                                0x080001b9   Thumb Code     0  _printf_s.o(.ARM.Collect$$_printf_percent$$00000014)
    _printf_percent_end                      0x080001bf   Thumb Code     0  _printf_percent_end.o(.ARM.Collect$$_printf_percent$$00000017)
    __rt_lib_init                            0x080001c3   Thumb Code     0  libinit.o(.ARM.Collect$$libinit$$00000000)
    __rt_lib_init_alloca_1                   0x080001c5   Thumb Code     0  libinit2.o(.ARM.Collect$$libinit$$0000002E)
    __rt_lib_init_argv_1                     0x080001c5   Thumb Code     0  libinit2.o(.ARM.Collect$$libinit$$0000002C)
    __rt_lib_init_atexit_1                   0x080001c5   Thumb Code     0  libinit2.o(.ARM.Collect$$libinit$$0000001B)
    __rt_lib_init_clock_1                    0x080001c5   Thumb Code     0  libinit2.o(.ARM.Collect$$libinit$$00000021)
    __rt_lib_init_cpp_1                      0x080001c5   Thumb Code     0  libinit2.o(.ARM.Collect$$libinit$$00000032)
    __rt_lib_init_exceptions_1               0x080001c5   Thumb Code     0  libinit2.o(.ARM.Collect$$libinit$$00000030)
    __rt_lib_init_fp_1                       0x080001c5   Thumb Code     0  libinit2.o(.ARM.Collect$$libinit$$00000002)
    __rt_lib_init_fp_trap_1                  0x080001c5   Thumb Code     0  libinit2.o(.ARM.Collect$$libinit$$0000001F)
    __rt_lib_init_getenv_1                   0x080001c5   Thumb Code     0  libinit2.o(.ARM.Collect$$libinit$$00000023)
    __rt_lib_init_heap_1                     0x080001c5   Thumb Code     0  libinit2.o(.ARM.Collect$$libinit$$0000000A)
    __rt_lib_init_lc_collate_1               0x080001c5   Thumb Code     0  libinit2.o(.ARM.Collect$$libinit$$00000011)
    __rt_lib_init_lc_ctype_1                 0x080001c5   Thumb Code     0  libinit2.o(.ARM.Collect$$libinit$$00000013)
    __rt_lib_init_lc_monetary_1              0x080001c5   Thumb Code     0  libinit2.o(.ARM.Collect$$libinit$$00000015)
    __rt_lib_init_lc_numeric_1               0x080001c5   Thumb Code     0  libinit2.o(.ARM.Collect$$libinit$$00000017)
    __rt_lib_init_lc_time_1                  0x080001c5   Thumb Code     0  libinit2.o(.ARM.Collect$$libinit$$00000019)
    __rt_lib_init_preinit_1                  0x080001c5   Thumb Code     0  libinit2.o(.ARM.Collect$$libinit$$00000004)
    __rt_lib_init_rand_1                     0x080001c5   Thumb Code     0  libinit2.o(.ARM.Collect$$libinit$$0000000E)
    __rt_lib_init_return                     0x080001c5   Thumb Code     0  libinit2.o(.ARM.Collect$$libinit$$00000033)
    __rt_lib_init_signal_1                   0x080001c5   Thumb Code     0  libinit2.o(.ARM.Collect$$libinit$$0000001D)
    __rt_lib_init_stdio_1                    0x080001c5   Thumb Code     0  libinit2.o(.ARM.Collect$$libinit$$00000025)
    __rt_lib_init_user_alloc_1               0x080001c5   Thumb Code     0  libinit2.o(.ARM.Collect$$libinit$$0000000C)
    __rt_lib_shutdown                        0x080001c7   Thumb Code     0  libshutdown.o(.ARM.Collect$$libshutdown$$00000000)
    __rt_lib_shutdown_cpp_1                  0x080001c9   Thumb Code     0  libshutdown2.o(.ARM.Collect$$libshutdown$$00000002)
    __rt_lib_shutdown_fp_trap_1              0x080001c9   Thumb Code     0  libshutdown2.o(.ARM.Collect$$libshutdown$$00000007)
    __rt_lib_shutdown_heap_1                 0x080001c9   Thumb Code     0  libshutdown2.o(.ARM.Collect$$libshutdown$$0000000F)
    __rt_lib_shutdown_return                 0x080001c9   Thumb Code     0  libshutdown2.o(.ARM.Collect$$libshutdown$$00000010)
    __rt_lib_shutdown_signal_1               0x080001c9   Thumb Code     0  libshutdown2.o(.ARM.Collect$$libshutdown$$0000000A)
    __rt_lib_shutdown_stdio_1                0x080001c9   Thumb Code     0  libshutdown2.o(.ARM.Collect$$libshutdown$$00000004)
    __rt_lib_shutdown_user_alloc_1           0x080001c9   Thumb Code     0  libshutdown2.o(.ARM.Collect$$libshutdown$$0000000C)
    __rt_entry                               0x080001cb   Thumb Code     0  __rtentry.o(.ARM.Collect$$rtentry$$00000000)
    __rt_entry_presh_1                       0x080001cb   Thumb Code     0  __rtentry2.o(.ARM.Collect$$rtentry$$00000002)
    __rt_entry_sh                            0x080001cb   Thumb Code     0  __rtentry4.o(.ARM.Collect$$rtentry$$00000004)
    __rt_entry_li                            0x080001d1   Thumb Code     0  __rtentry2.o(.ARM.Collect$$rtentry$$0000000A)
    __rt_entry_postsh_1                      0x080001d1   Thumb Code     0  __rtentry2.o(.ARM.Collect$$rtentry$$00000009)
    __rt_entry_main                          0x080001d5   Thumb Code     0  __rtentry2.o(.ARM.Collect$$rtentry$$0000000D)
    __rt_entry_postli_1                      0x080001d5   Thumb Code     0  __rtentry2.o(.ARM.Collect$$rtentry$$0000000C)
    __rt_exit                                0x080001dd   Thumb Code     0  rtexit.o(.ARM.Collect$$rtexit$$00000000)
    __rt_exit_ls                             0x080001df   Thumb Code     0  rtexit2.o(.ARM.Collect$$rtexit$$00000003)
    __rt_exit_prels_1                        0x080001df   Thumb Code     0  rtexit2.o(.ARM.Collect$$rtexit$$00000002)
    __rt_exit_exit                           0x080001e3   Thumb Code     0  rtexit2.o(.ARM.Collect$$rtexit$$00000004)
    Reset_Handler                            0x080001e9   Thumb Code     8  startup_stm32f103xb.o(.text)
    ADC1_2_IRQHandler                        0x08000203   Thumb Code     0  startup_stm32f103xb.o(.text)
    CAN1_RX1_IRQHandler                      0x08000203   Thumb Code     0  startup_stm32f103xb.o(.text)
    CAN1_SCE_IRQHandler                      0x08000203   Thumb Code     0  startup_stm32f103xb.o(.text)
    DMA1_Channel1_IRQHandler                 0x08000203   Thumb Code     0  startup_stm32f103xb.o(.text)
    DMA1_Channel2_IRQHandler                 0x08000203   Thumb Code     0  startup_stm32f103xb.o(.text)
    DMA1_Channel3_IRQHandler                 0x08000203   Thumb Code     0  startup_stm32f103xb.o(.text)
    DMA1_Channel4_IRQHandler                 0x08000203   Thumb Code     0  startup_stm32f103xb.o(.text)
    DMA1_Channel5_IRQHandler                 0x08000203   Thumb Code     0  startup_stm32f103xb.o(.text)
    DMA1_Channel6_IRQHandler                 0x08000203   Thumb Code     0  startup_stm32f103xb.o(.text)
    DMA1_Channel7_IRQHandler                 0x08000203   Thumb Code     0  startup_stm32f103xb.o(.text)
    EXTI0_IRQHandler                         0x08000203   Thumb Code     0  startup_stm32f103xb.o(.text)
    EXTI15_10_IRQHandler                     0x08000203   Thumb Code     0  startup_stm32f103xb.o(.text)
    EXTI1_IRQHandler                         0x08000203   Thumb Code     0  startup_stm32f103xb.o(.text)
    EXTI2_IRQHandler                         0x08000203   Thumb Code     0  startup_stm32f103xb.o(.text)
    EXTI3_IRQHandler                         0x08000203   Thumb Code     0  startup_stm32f103xb.o(.text)
    EXTI4_IRQHandler                         0x08000203   Thumb Code     0  startup_stm32f103xb.o(.text)
    EXTI9_5_IRQHandler                       0x08000203   Thumb Code     0  startup_stm32f103xb.o(.text)
    FLASH_IRQHandler                         0x08000203   Thumb Code     0  startup_stm32f103xb.o(.text)
    I2C1_ER_IRQHandler                       0x08000203   Thumb Code     0  startup_stm32f103xb.o(.text)
    I2C1_EV_IRQHandler                       0x08000203   Thumb Code     0  startup_stm32f103xb.o(.text)
    I2C2_ER_IRQHandler                       0x08000203   Thumb Code     0  startup_stm32f103xb.o(.text)
    I2C2_EV_IRQHandler                       0x08000203   Thumb Code     0  startup_stm32f103xb.o(.text)
    PVD_IRQHandler                           0x08000203   Thumb Code     0  startup_stm32f103xb.o(.text)
    RCC_IRQHandler                           0x08000203   Thumb Code     0  startup_stm32f103xb.o(.text)
    RTC_Alarm_IRQHandler                     0x08000203   Thumb Code     0  startup_stm32f103xb.o(.text)
    RTC_IRQHandler                           0x08000203   Thumb Code     0  startup_stm32f103xb.o(.text)
    SPI1_IRQHandler                          0x08000203   Thumb Code     0  startup_stm32f103xb.o(.text)
    SPI2_IRQHandler                          0x08000203   Thumb Code     0  startup_stm32f103xb.o(.text)
    TAMPER_IRQHandler                        0x08000203   Thumb Code     0  startup_stm32f103xb.o(.text)
    TIM1_BRK_IRQHandler                      0x08000203   Thumb Code     0  startup_stm32f103xb.o(.text)
    TIM1_CC_IRQHandler                       0x08000203   Thumb Code     0  startup_stm32f103xb.o(.text)
    TIM1_TRG_COM_IRQHandler                  0x08000203   Thumb Code     0  startup_stm32f103xb.o(.text)
    TIM1_UP_IRQHandler                       0x08000203   Thumb Code     0  startup_stm32f103xb.o(.text)
    TIM2_IRQHandler                          0x08000203   Thumb Code     0  startup_stm32f103xb.o(.text)
    TIM3_IRQHandler                          0x08000203   Thumb Code     0  startup_stm32f103xb.o(.text)
    USART2_IRQHandler                        0x08000203   Thumb Code     0  startup_stm32f103xb.o(.text)
    USART3_IRQHandler                        0x08000203   Thumb Code     0  startup_stm32f103xb.o(.text)
    USBWakeUp_IRQHandler                     0x08000203   Thumb Code     0  startup_stm32f103xb.o(.text)
    USB_HP_CAN1_TX_IRQHandler                0x08000203   Thumb Code     0  startup_stm32f103xb.o(.text)
    USB_LP_CAN1_RX0_IRQHandler               0x08000203   Thumb Code     0  startup_stm32f103xb.o(.text)
    WWDG_IRQHandler                          0x08000203   Thumb Code     0  startup_stm32f103xb.o(.text)
    __user_initial_stackheap                 0x08000205   Thumb Code     0  startup_stm32f103xb.o(.text)
    __use_no_semihosting                     0x08000229   Thumb Code     2  use_no_semi_2.o(.text)
    __2printf                                0x0800022d   Thumb Code    20  noretval__2printf.o(.text)
    _printf_pre_padding                      0x08000245   Thumb Code    44  _printf_pad.o(.text)
    _printf_post_padding                     0x08000271   Thumb Code    34  _printf_pad.o(.text)
    _printf_str                              0x08000293   Thumb Code    82  _printf_str.o(.text)
    _printf_int_dec                          0x080002e5   Thumb Code   104  _printf_dec.o(.text)
    _printf_int_hex                          0x0800035d   Thumb Code    84  _printf_hex_int.o(.text)
    _printf_longlong_hex                     0x0800035d   Thumb Code     0  _printf_hex_int.o(.text)
    __printf                                 0x080003b5   Thumb Code   388  __printf_flags_ss_wp.o(.text)
    __use_two_region_memory                  0x0800053d   Thumb Code     2  heapauxi.o(.text)
    __rt_heap_escrow$2region                 0x0800053f   Thumb Code     2  heapauxi.o(.text)
    __rt_heap_expand$2region                 0x08000541   Thumb Code     2  heapauxi.o(.text)
    __I$use$semihosting                      0x08000543   Thumb Code     0  use_no_semi.o(.text)
    __use_no_semihosting_swi                 0x08000543   Thumb Code     2  use_no_semi.o(.text)
    _printf_int_common                       0x08000545   Thumb Code   178  _printf_intcommon.o(.text)
    _printf_cs_common                        0x080005f7   Thumb Code    20  _printf_char.o(.text)
    _printf_char                             0x0800060b   Thumb Code    16  _printf_char.o(.text)
    _printf_string                           0x0800061b   Thumb Code     8  _printf_char.o(.text)
    _printf_char_file                        0x08000625   Thumb Code    32  _printf_char_file.o(.text)
    _printf_char_common                      0x08000653   Thumb Code    32  _printf_char_common.o(.text)
    ferror                                   0x08000679   Thumb Code     8  ferror.o(.text)
    __user_setup_stackheap                   0x08000681   Thumb Code    74  sys_stackheap_outer.o(.text)
    exit                                     0x080006cb   Thumb Code    18  exit.o(.text)
    __user_libspace                          0x080006dd   Thumb Code     8  libspace.o(.text)
    __user_perproc_libspace                  0x080006dd   Thumb Code     0  libspace.o(.text)
    __user_perthread_libspace                0x080006dd   Thumb Code     0  libspace.o(.text)
    BusFault_Handler                         0x080006e5   Thumb Code     4  stm32f1xx_it.o(i.BusFault_Handler)
    DebugMon_Handler                         0x080006e9   Thumb Code     2  stm32f1xx_it.o(i.DebugMon_Handler)
    GS_Read_Byte                             0x08000971   Thumb Code    68  paj7620u2_iic.o(i.GS_Read_Byte)
    GS_Read_nByte                            0x080009b5   Thumb Code    98  paj7620u2_iic.o(i.GS_Read_nByte)
    GS_WakeUp                                0x08000a17   Thumb Code    18  paj7620u2_iic.o(i.GS_WakeUp)
    GS_Write_Byte                            0x08000a29   Thumb Code    58  paj7620u2_iic.o(i.GS_Write_Byte)
    GS_i2c_init                              0x08000a65   Thumb Code    68  paj7620u2_iic.o(i.GS_i2c_init)
    Gesture_test                             0x08000ab1   Thumb Code   324  paj7620u2.o(i.Gesture_test)
    HAL_DMA_Abort_IT                         0x08000c71   Thumb Code   172  stm32f1xx_hal_dma.o(i.HAL_DMA_Abort_IT)
    HAL_GPIO_Init                            0x08000d21   Thumb Code   764  stm32f1xx_hal_gpio.o(i.HAL_GPIO_Init)
    HAL_GPIO_ReadPin                         0x0800103d   Thumb Code    16  stm32f1xx_hal_gpio.o(i.HAL_GPIO_ReadPin)
    HAL_GPIO_WritePin                        0x0800104d   Thumb Code    12  stm32f1xx_hal_gpio.o(i.HAL_GPIO_WritePin)
    HAL_GetTick                              0x08001059   Thumb Code     6  stm32f1xx_hal.o(i.HAL_GetTick)
    HAL_IncTick                              0x08001065   Thumb Code    12  stm32f1xx_hal.o(i.HAL_IncTick)
    HAL_Init                                 0x08001075   Thumb Code    34  stm32f1xx_hal.o(i.HAL_Init)
    HAL_InitTick                             0x0800109d   Thumb Code    36  stm32f1xx_hal.o(i.HAL_InitTick)
    HAL_MspInit                              0x080010c5   Thumb Code     2  stm32f1xx_hal_msp.o(i.HAL_MspInit)
    HAL_NVIC_EnableIRQ                       0x080010c7   Thumb Code    26  stm32f1xx_hal_cortex.o(i.HAL_NVIC_EnableIRQ)
    HAL_NVIC_SetPriority                     0x080010e1   Thumb Code   124  stm32f1xx_hal_cortex.o(i.HAL_NVIC_SetPriority)
    HAL_NVIC_SetPriorityGrouping             0x0800115d   Thumb Code    32  stm32f1xx_hal_cortex.o(i.HAL_NVIC_SetPriorityGrouping)
    HAL_RCC_ClockConfig                      0x08001185   Thumb Code   402  stm32f1xx_hal_rcc.o(i.HAL_RCC_ClockConfig)
    HAL_RCC_GetHCLKFreq                      0x08001329   Thumb Code     6  stm32f1xx_hal_rcc.o(i.HAL_RCC_GetHCLKFreq)
    HAL_RCC_GetPCLK1Freq                     0x08001335   Thumb Code    22  stm32f1xx_hal_rcc.o(i.HAL_RCC_GetPCLK1Freq)
    HAL_RCC_GetPCLK2Freq                     0x08001355   Thumb Code    22  stm32f1xx_hal_rcc.o(i.HAL_RCC_GetPCLK2Freq)
    HAL_RCC_GetSysClockFreq                  0x08001375   Thumb Code   118  stm32f1xx_hal_rcc.o(i.HAL_RCC_GetSysClockFreq)
    HAL_RCC_OscConfig                        0x0800140d   Thumb Code  1078  stm32f1xx_hal_rcc.o(i.HAL_RCC_OscConfig)
    HAL_SYSTICK_CLKSourceConfig              0x0800184d   Thumb Code    40  stm32f1xx_hal_cortex.o(i.HAL_SYSTICK_CLKSourceConfig)
    HAL_SYSTICK_Config                       0x08001875   Thumb Code    52  stm32f1xx_hal_cortex.o(i.HAL_SYSTICK_Config)
    HAL_TIM_Base_Init                        0x080018a9   Thumb Code    52  stm32f1xx_hal_tim.o(i.HAL_TIM_Base_Init)
    HAL_TIM_Base_MspInit                     0x080018dd   Thumb Code     2  stm32f1xx_hal_tim.o(i.HAL_TIM_Base_MspInit)
    HAL_TIM_Base_Start_IT                    0x080018df   Thumb Code    30  stm32f1xx_hal_tim.o(i.HAL_TIM_Base_Start_IT)
    HAL_UART_ErrorCallback                   0x080018fd   Thumb Code     2  stm32f1xx_hal_uart.o(i.HAL_UART_ErrorCallback)
    HAL_UART_GetState                        0x080018ff   Thumb Code    20  stm32f1xx_hal_uart.o(i.HAL_UART_GetState)
    HAL_UART_IRQHandler                      0x08001915   Thumb Code   326  stm32f1xx_hal_uart.o(i.HAL_UART_IRQHandler)
    HAL_UART_Init                            0x08001a61   Thumb Code   114  stm32f1xx_hal_uart.o(i.HAL_UART_Init)
    HAL_UART_MspInit                         0x08001ad5   Thumb Code   156  usart.o(i.HAL_UART_MspInit)
    HAL_UART_Receive_IT                      0x08001b7d   Thumb Code   112  stm32f1xx_hal_uart.o(i.HAL_UART_Receive_IT)
    HAL_UART_RxCpltCallback                  0x08001bed   Thumb Code   120  usart.o(i.HAL_UART_RxCpltCallback)
    HAL_UART_TxCpltCallback                  0x08001c75   Thumb Code     2  stm32f1xx_hal_uart.o(i.HAL_UART_TxCpltCallback)
    HardFault_Handler                        0x08001c77   Thumb Code     4  stm32f1xx_it.o(i.HardFault_Handler)
    KEY_Init                                 0x08001c7d   Thumb Code   150  key.o(i.KEY_Init)
    KEY_Scan                                 0x08001d25   Thumb Code   198  key.o(i.KEY_Scan)
    LED_Init                                 0x08001dfd   Thumb Code    68  led.o(i.LED_Init)
    MemManage_Handler                        0x08001e49   Thumb Code     4  stm32f1xx_it.o(i.MemManage_Handler)
    NMI_Handler                              0x08001e4d   Thumb Code     2  stm32f1xx_it.o(i.NMI_Handler)
    PendSV_Handler                           0x08001e89   Thumb Code     2  stm32f1xx_it.o(i.PendSV_Handler)
    Ps_test                                  0x08001e8d   Thumb Code   168  paj7620u2.o(i.Ps_test)
    SVC_Handler                              0x08001f99   Thumb Code     2  stm32f1xx_it.o(i.SVC_Handler)
    Stm32_Clock_Init                         0x08001f9b   Thumb Code    86  sys.o(i.Stm32_Clock_Init)
    SysTick_Handler                          0x08001ff1   Thumb Code     8  stm32f1xx_it.o(i.SysTick_Handler)
    SystemInit                               0x08001ff9   Thumb Code    70  system_stm32f1xx.o(i.SystemInit)
    TIM4_IRQHandler                          0x08002051   Thumb Code    60  usmart.o(i.TIM4_IRQHandler)
    TIM_Base_SetConfig                       0x08002095   Thumb Code   102  stm32f1xx_hal_tim.o(i.TIM_Base_SetConfig)
    Timer4_Init                              0x08002109   Thumb Code    84  usmart.o(i.Timer4_Init)
    USART1_IRQHandler                        0x08002495   Thumb Code    56  usart.o(i.USART1_IRQHandler)
    UsageFault_Handler                       0x080024d5   Thumb Code     4  stm32f1xx_it.o(i.UsageFault_Handler)
    _is_digit                                0x080024d9   Thumb Code    14  __printf_wp.o(i._is_digit)
    _sys_exit                                0x080024e7   Thumb Code     4  usart.o(i._sys_exit)
    delay_init                               0x080024ed   Thumb Code    16  delay.o(i.delay_init)
    delay_ms                                 0x08002501   Thumb Code    24  delay.o(i.delay_ms)
    delay_us                                 0x08002519   Thumb Code    68  delay.o(i.delay_us)
    fputc                                    0x08002561   Thumb Code    24  usart.o(i.fputc)
    main                                     0x0800257d   Thumb Code   106  main.o(i.main)
    paj7620u2_init                           0x08002645   Thumb Code    64  paj7620u2.o(i.paj7620u2_init)
    paj7620u2_selectBank                     0x08002689   Thumb Code    36  paj7620u2.o(i.paj7620u2_selectBank)
    paj7620u2_sensor_test                    0x080026ad   Thumb Code    70  paj7620u2.o(i.paj7620u2_sensor_test)
    paj7620u2_test_ui                        0x080026f9   Thumb Code    22  paj7620u2.o(i.paj7620u2_test_ui)
    paj7620u2_wakeup                         0x08002745   Thumb Code    50  paj7620u2.o(i.paj7620u2_wakeup)
    read_addr                                0x08002777   Thumb Code     6  usmart.o(i.read_addr)
    uart_init                                0x0800277d   Thumb Code    44  usart.o(i.uart_init)
    usmart_cmd_rec                           0x080027b5   Thumb Code   170  usmart.o(i.usmart_cmd_rec)
    usmart_exe                               0x08002865   Thumb Code   632  usmart.o(i.usmart_exe)
    usmart_get_aparm                         0x08002b39   Thumb Code   212  usmart_str.o(i.usmart_get_aparm)
    usmart_get_cmdname                       0x08002c0d   Thumb Code    54  usmart_str.o(i.usmart_get_cmdname)
    usmart_get_fname                         0x08002c45   Thumb Code   440  usmart_str.o(i.usmart_get_fname)
    usmart_get_fparam                        0x08002e05   Thumb Code   262  usmart_str.o(i.usmart_get_fparam)
    usmart_get_parmpos                       0x08002f11   Thumb Code    26  usmart_str.o(i.usmart_get_parmpos)
    usmart_get_runtime                       0x08002f31   Thumb Code    58  usmart.o(i.usmart_get_runtime)
    usmart_init                              0x08002f75   Thumb Code    36  usmart.o(i.usmart_init)
    usmart_pow                               0x08002f9d   Thumb Code    22  usmart_str.o(i.usmart_pow)
    usmart_reset_runtime                     0x08002fb5   Thumb Code    44  usmart.o(i.usmart_reset_runtime)
    usmart_scan                              0x08002fe9   Thumb Code   120  usmart.o(i.usmart_scan)
    usmart_search_nextc                      0x080030a5   Thumb Code    22  usmart_str.o(i.usmart_search_nextc)
    usmart_str2num                           0x080030bb   Thumb Code   262  usmart_str.o(i.usmart_str2num)
    usmart_strcmp                            0x080031c1   Thumb Code    34  usmart_str.o(i.usmart_strcmp)
    usmart_strcopy                           0x080031e3   Thumb Code    22  usmart_str.o(i.usmart_strcopy)
    usmart_strlen                            0x080031f9   Thumb Code    24  usmart_str.o(i.usmart_strlen)
    usmart_sys_cmd_exe                       0x08003211   Thumb Code  1570  usmart.o(i.usmart_sys_cmd_exe)
    write_addr                               0x08003905   Thumb Code     4  usmart.o(i.write_addr)
    AHBPrescTable                            0x08003908   Data          16  system_stm32f1xx.o(.constdata)
    APBPrescTable                            0x08003918   Data           8  system_stm32f1xx.o(.constdata)
    init_Array                               0x08003920   Data         102  paj7620u2.o(.constdata)
    proximity_arry                           0x08003986   Data          70  paj7620u2.o(.constdata)
    gesture_arry                             0x080039cc   Data          60  paj7620u2.o(.constdata)
    Region$$Table$$Base                      0x08003af8   Number         0  anon$$obj.o(Region$$Table)
    Region$$Table$$Limit                     0x08003b18   Number         0  anon$$obj.o(Region$$Table)
    SystemCoreClock                          0x20000000   Data           4  system_stm32f1xx.o(.data)
    __stdout                                 0x20000008   Data           4  usart.o(.data)
    USART_RX_STA                             0x2000000c   Data           2  usart.o(.data)
    aRxBuffer                                0x2000000e   Data           1  usart.o(.data)
    uwTick                                   0x20000010   Data           4  stm32f1xx_hal.o(.data)
    sys_cmd_tab                              0x20000018   Data          28  usmart.o(.data)
    usmart_nametab                           0x20000034   Data          32  usmart_config.o(.data)
    usmart_dev                               0x20000054   Data         244  usmart_config.o(.data)
    USART_RX_BUF                             0x20000148   Data         200  usart.o(.bss)
    UART1_Handler                            0x20000210   Data          64  usart.o(.bss)
    TIM4_Handler                             0x20000250   Data          64  usmart.o(.bss)
    __libspace_start                         0x20000290   Data          96  libspace.o(.bss)
    __temporary_stack_top$libspace           0x200002f0   Data           0  libspace.o(.bss)



==============================================================================

Memory Map of the image

  Image Entry point : 0x080000ed

  Load Region LR_IROM1 (Base: 0x08000000, Size: 0x00003c60, Max: 0x00080000, ABSOLUTE, COMPRESSED[0x00003b6c])

    Execution Region ER_IROM1 (Base: 0x08000000, Size: 0x00003b18, Max: 0x00080000, ABSOLUTE)

    Base Addr    Size         Type   Attr      Idx    E Section Name        Object

    0x08000000   0x000000ec   Data   RO          573    RESET               startup_stm32f103xb.o
    0x080000ec   0x00000008   Code   RO         3244  * !!!main             c_w.l(__main.o)
    0x080000f4   0x00000034   Code   RO         3416    !!!scatter          c_w.l(__scatter.o)
    0x08000128   0x0000005a   Code   RO         3414    !!dczerorl2         c_w.l(__dczerorl2.o)
    0x08000182   0x00000002   PAD
    0x08000184   0x0000001c   Code   RO         3418    !!handler_zi        c_w.l(__scatter_zi.o)
    0x080001a0   0x00000000   Code   RO         3241    .ARM.Collect$$_printf_percent$$00000000  c_w.l(_printf_percent.o)
    0x080001a0   0x00000006   Code   RO         3239    .ARM.Collect$$_printf_percent$$00000009  c_w.l(_printf_d.o)
    0x080001a6   0x00000006   Code   RO         3240    .ARM.Collect$$_printf_percent$$0000000A  c_w.l(_printf_u.o)
    0x080001ac   0x00000006   Code   RO         3238    .ARM.Collect$$_printf_percent$$0000000C  c_w.l(_printf_x.o)
    0x080001b2   0x00000006   Code   RO         3236    .ARM.Collect$$_printf_percent$$00000013  c_w.l(_printf_c.o)
    0x080001b8   0x00000006   Code   RO         3237    .ARM.Collect$$_printf_percent$$00000014  c_w.l(_printf_s.o)
    0x080001be   0x00000004   Code   RO         3255    .ARM.Collect$$_printf_percent$$00000017  c_w.l(_printf_percent_end.o)
    0x080001c2   0x00000002   Code   RO         3288    .ARM.Collect$$libinit$$00000000  c_w.l(libinit.o)
    0x080001c4   0x00000000   Code   RO         3295    .ARM.Collect$$libinit$$00000002  c_w.l(libinit2.o)
    0x080001c4   0x00000000   Code   RO         3297    .ARM.Collect$$libinit$$00000004  c_w.l(libinit2.o)
    0x080001c4   0x00000000   Code   RO         3300    .ARM.Collect$$libinit$$0000000A  c_w.l(libinit2.o)
    0x080001c4   0x00000000   Code   RO         3302    .ARM.Collect$$libinit$$0000000C  c_w.l(libinit2.o)
    0x080001c4   0x00000000   Code   RO         3304    .ARM.Collect$$libinit$$0000000E  c_w.l(libinit2.o)
    0x080001c4   0x00000000   Code   RO         3307    .ARM.Collect$$libinit$$00000011  c_w.l(libinit2.o)
    0x080001c4   0x00000000   Code   RO         3309    .ARM.Collect$$libinit$$00000013  c_w.l(libinit2.o)
    0x080001c4   0x00000000   Code   RO         3311    .ARM.Collect$$libinit$$00000015  c_w.l(libinit2.o)
    0x080001c4   0x00000000   Code   RO         3313    .ARM.Collect$$libinit$$00000017  c_w.l(libinit2.o)
    0x080001c4   0x00000000   Code   RO         3315    .ARM.Collect$$libinit$$00000019  c_w.l(libinit2.o)
    0x080001c4   0x00000000   Code   RO         3317    .ARM.Collect$$libinit$$0000001B  c_w.l(libinit2.o)
    0x080001c4   0x00000000   Code   RO         3319    .ARM.Collect$$libinit$$0000001D  c_w.l(libinit2.o)
    0x080001c4   0x00000000   Code   RO         3321    .ARM.Collect$$libinit$$0000001F  c_w.l(libinit2.o)
    0x080001c4   0x00000000   Code   RO         3323    .ARM.Collect$$libinit$$00000021  c_w.l(libinit2.o)
    0x080001c4   0x00000000   Code   RO         3325    .ARM.Collect$$libinit$$00000023  c_w.l(libinit2.o)
    0x080001c4   0x00000000   Code   RO         3327    .ARM.Collect$$libinit$$00000025  c_w.l(libinit2.o)
    0x080001c4   0x00000000   Code   RO         3331    .ARM.Collect$$libinit$$0000002C  c_w.l(libinit2.o)
    0x080001c4   0x00000000   Code   RO         3333    .ARM.Collect$$libinit$$0000002E  c_w.l(libinit2.o)
    0x080001c4   0x00000000   Code   RO         3335    .ARM.Collect$$libinit$$00000030  c_w.l(libinit2.o)
    0x080001c4   0x00000000   Code   RO         3337    .ARM.Collect$$libinit$$00000032  c_w.l(libinit2.o)
    0x080001c4   0x00000002   Code   RO         3338    .ARM.Collect$$libinit$$00000033  c_w.l(libinit2.o)
    0x080001c6   0x00000002   Code   RO         3356    .ARM.Collect$$libshutdown$$00000000  c_w.l(libshutdown.o)
    0x080001c8   0x00000000   Code   RO         3366    .ARM.Collect$$libshutdown$$00000002  c_w.l(libshutdown2.o)
    0x080001c8   0x00000000   Code   RO         3368    .ARM.Collect$$libshutdown$$00000004  c_w.l(libshutdown2.o)
    0x080001c8   0x00000000   Code   RO         3371    .ARM.Collect$$libshutdown$$00000007  c_w.l(libshutdown2.o)
    0x080001c8   0x00000000   Code   RO         3374    .ARM.Collect$$libshutdown$$0000000A  c_w.l(libshutdown2.o)
    0x080001c8   0x00000000   Code   RO         3376    .ARM.Collect$$libshutdown$$0000000C  c_w.l(libshutdown2.o)
    0x080001c8   0x00000000   Code   RO         3379    .ARM.Collect$$libshutdown$$0000000F  c_w.l(libshutdown2.o)
    0x080001c8   0x00000002   Code   RO         3380    .ARM.Collect$$libshutdown$$00000010  c_w.l(libshutdown2.o)
    0x080001ca   0x00000000   Code   RO         3248    .ARM.Collect$$rtentry$$00000000  c_w.l(__rtentry.o)
    0x080001ca   0x00000000   Code   RO         3257    .ARM.Collect$$rtentry$$00000002  c_w.l(__rtentry2.o)
    0x080001ca   0x00000006   Code   RO         3269    .ARM.Collect$$rtentry$$00000004  c_w.l(__rtentry4.o)
    0x080001d0   0x00000000   Code   RO         3259    .ARM.Collect$$rtentry$$00000009  c_w.l(__rtentry2.o)
    0x080001d0   0x00000004   Code   RO         3260    .ARM.Collect$$rtentry$$0000000A  c_w.l(__rtentry2.o)
    0x080001d4   0x00000000   Code   RO         3262    .ARM.Collect$$rtentry$$0000000C  c_w.l(__rtentry2.o)
    0x080001d4   0x00000008   Code   RO         3263    .ARM.Collect$$rtentry$$0000000D  c_w.l(__rtentry2.o)
    0x080001dc   0x00000002   Code   RO         3292    .ARM.Collect$$rtexit$$00000000  c_w.l(rtexit.o)
    0x080001de   0x00000000   Code   RO         3340    .ARM.Collect$$rtexit$$00000002  c_w.l(rtexit2.o)
    0x080001de   0x00000004   Code   RO         3341    .ARM.Collect$$rtexit$$00000003  c_w.l(rtexit2.o)
    0x080001e2   0x00000006   Code   RO         3342    .ARM.Collect$$rtexit$$00000004  c_w.l(rtexit2.o)
    0x080001e8   0x00000040   Code   RO          574    .text               startup_stm32f103xb.o
    0x08000228   0x00000002   Code   RO         3181    .text               c_w.l(use_no_semi_2.o)
    0x0800022a   0x00000002   PAD
    0x0800022c   0x00000018   Code   RO         3185    .text               c_w.l(noretval__2printf.o)
    0x08000244   0x0000004e   Code   RO         3189    .text               c_w.l(_printf_pad.o)
    0x08000292   0x00000052   Code   RO         3191    .text               c_w.l(_printf_str.o)
    0x080002e4   0x00000078   Code   RO         3193    .text               c_w.l(_printf_dec.o)
    0x0800035c   0x00000058   Code   RO         3198    .text               c_w.l(_printf_hex_int.o)
    0x080003b4   0x00000188   Code   RO         3233    .text               c_w.l(__printf_flags_ss_wp.o)
    0x0800053c   0x00000006   Code   RO         3242    .text               c_w.l(heapauxi.o)
    0x08000542   0x00000002   Code   RO         3246    .text               c_w.l(use_no_semi.o)
    0x08000544   0x000000b2   Code   RO         3249    .text               c_w.l(_printf_intcommon.o)
    0x080005f6   0x0000002c   Code   RO         3251    .text               c_w.l(_printf_char.o)
    0x08000622   0x00000002   PAD
    0x08000624   0x00000024   Code   RO         3253    .text               c_w.l(_printf_char_file.o)
    0x08000648   0x00000030   Code   RO         3271    .text               c_w.l(_printf_char_common.o)
    0x08000678   0x00000008   Code   RO         3273    .text               c_w.l(ferror.o)
    0x08000680   0x0000004a   Code   RO         3277    .text               c_w.l(sys_stackheap_outer.o)
    0x080006ca   0x00000012   Code   RO         3281    .text               c_w.l(exit.o)
    0x080006dc   0x00000008   Code   RO         3289    .text               c_w.l(libspace.o)
    0x080006e4   0x00000004   Code   RO          258    i.BusFault_Handler  stm32f1xx_it.o
    0x080006e8   0x00000002   Code   RO          259    i.DebugMon_Handler  stm32f1xx_it.o
    0x080006ea   0x00000002   PAD
    0x080006ec   0x00000050   Code   RO         2901    i.GS_IIC_Ack        paj7620u2_iic.o
    0x0800073c   0x00000050   Code   RO         2902    i.GS_IIC_NAck       paj7620u2_iic.o
    0x0800078c   0x00000070   Code   RO         2903    i.GS_IIC_Read_Byte  paj7620u2_iic.o
    0x080007fc   0x00000074   Code   RO         2904    i.GS_IIC_Send_Byte  paj7620u2_iic.o
    0x08000870   0x0000004c   Code   RO         2905    i.GS_IIC_Start      paj7620u2_iic.o
    0x080008bc   0x0000004c   Code   RO         2906    i.GS_IIC_Stop       paj7620u2_iic.o
    0x08000908   0x00000068   Code   RO         2907    i.GS_IIC_Wait_Ack   paj7620u2_iic.o
    0x08000970   0x00000044   Code   RO         2908    i.GS_Read_Byte      paj7620u2_iic.o
    0x080009b4   0x00000062   Code   RO         2909    i.GS_Read_nByte     paj7620u2_iic.o
    0x08000a16   0x00000012   Code   RO         2910    i.GS_WakeUp         paj7620u2_iic.o
    0x08000a28   0x0000003a   Code   RO         2911    i.GS_Write_Byte     paj7620u2_iic.o
    0x08000a62   0x00000002   PAD
    0x08000a64   0x0000004c   Code   RO         2912    i.GS_i2c_init       paj7620u2_iic.o
    0x08000ab0   0x000001c0   Code   RO         2835    i.Gesture_test      paj7620u2.o
    0x08000c70   0x000000b0   Code   RO          846    i.HAL_DMA_Abort_IT  stm32f1xx_hal_dma.o
    0x08000d20   0x0000031c   Code   RO          942    i.HAL_GPIO_Init     stm32f1xx_hal_gpio.o
    0x0800103c   0x00000010   Code   RO          944    i.HAL_GPIO_ReadPin  stm32f1xx_hal_gpio.o
    0x0800104c   0x0000000c   Code   RO          946    i.HAL_GPIO_WritePin  stm32f1xx_hal_gpio.o
    0x08001058   0x0000000c   Code   RO          592    i.HAL_GetTick       stm32f1xx_hal.o
    0x08001064   0x00000010   Code   RO          594    i.HAL_IncTick       stm32f1xx_hal.o
    0x08001074   0x00000028   Code   RO          595    i.HAL_Init          stm32f1xx_hal.o
    0x0800109c   0x00000028   Code   RO          596    i.HAL_InitTick      stm32f1xx_hal.o
    0x080010c4   0x00000002   Code   RO          226    i.HAL_MspInit       stm32f1xx_hal_msp.o
    0x080010c6   0x0000001a   Code   RO          724    i.HAL_NVIC_EnableIRQ  stm32f1xx_hal_cortex.o
    0x080010e0   0x0000007c   Code   RO          730    i.HAL_NVIC_SetPriority  stm32f1xx_hal_cortex.o
    0x0800115c   0x00000028   Code   RO          731    i.HAL_NVIC_SetPriorityGrouping  stm32f1xx_hal_cortex.o
    0x08001184   0x000001a4   Code   RO         1167    i.HAL_RCC_ClockConfig  stm32f1xx_hal_rcc.o
    0x08001328   0x0000000c   Code   RO         1172    i.HAL_RCC_GetHCLKFreq  stm32f1xx_hal_rcc.o
    0x08001334   0x00000020   Code   RO         1174    i.HAL_RCC_GetPCLK1Freq  stm32f1xx_hal_rcc.o
    0x08001354   0x00000020   Code   RO         1175    i.HAL_RCC_GetPCLK2Freq  stm32f1xx_hal_rcc.o
    0x08001374   0x00000098   Code   RO         1176    i.HAL_RCC_GetSysClockFreq  stm32f1xx_hal_rcc.o
    0x0800140c   0x00000440   Code   RO         1179    i.HAL_RCC_OscConfig  stm32f1xx_hal_rcc.o
    0x0800184c   0x00000028   Code   RO          733    i.HAL_SYSTICK_CLKSourceConfig  stm32f1xx_hal_cortex.o
    0x08001874   0x00000034   Code   RO          735    i.HAL_SYSTICK_Config  stm32f1xx_hal_cortex.o
    0x080018a8   0x00000034   Code   RO         2141    i.HAL_TIM_Base_Init  stm32f1xx_hal_tim.o
    0x080018dc   0x00000002   Code   RO         2143    i.HAL_TIM_Base_MspInit  stm32f1xx_hal_tim.o
    0x080018de   0x0000001e   Code   RO         2146    i.HAL_TIM_Base_Start_IT  stm32f1xx_hal_tim.o
    0x080018fc   0x00000002   Code   RO         1330    i.HAL_UART_ErrorCallback  stm32f1xx_hal_uart.o
    0x080018fe   0x00000014   Code   RO         1332    i.HAL_UART_GetState  stm32f1xx_hal_uart.o
    0x08001912   0x00000002   PAD
    0x08001914   0x0000014c   Code   RO         1333    i.HAL_UART_IRQHandler  stm32f1xx_hal_uart.o
    0x08001a60   0x00000072   Code   RO         1334    i.HAL_UART_Init     stm32f1xx_hal_uart.o
    0x08001ad2   0x00000002   PAD
    0x08001ad4   0x000000a8   Code   RO          509    i.HAL_UART_MspInit  usart.o
    0x08001b7c   0x00000070   Code   RO         1339    i.HAL_UART_Receive_IT  stm32f1xx_hal_uart.o
    0x08001bec   0x00000088   Code   RO          510    i.HAL_UART_RxCpltCallback  usart.o
    0x08001c74   0x00000002   Code   RO         1345    i.HAL_UART_TxCpltCallback  stm32f1xx_hal_uart.o
    0x08001c76   0x00000004   Code   RO          260    i.HardFault_Handler  stm32f1xx_it.o
    0x08001c7a   0x00000002   PAD
    0x08001c7c   0x000000a8   Code   RO         2804    i.KEY_Init          key.o
    0x08001d24   0x000000d8   Code   RO         2805    i.KEY_Scan          key.o
    0x08001dfc   0x0000004c   Code   RO         2780    i.LED_Init          led.o
    0x08001e48   0x00000004   Code   RO          261    i.MemManage_Handler  stm32f1xx_it.o
    0x08001e4c   0x00000002   Code   RO          262    i.NMI_Handler       stm32f1xx_it.o
    0x08001e4e   0x00000002   PAD
    0x08001e50   0x00000010   Code   RO          737    i.NVIC_GetPriorityGrouping  stm32f1xx_hal_cortex.o
    0x08001e60   0x00000028   Code   RO          738    i.NVIC_SetPriority  stm32f1xx_hal_cortex.o
    0x08001e88   0x00000002   Code   RO          263    i.PendSV_Handler    stm32f1xx_it.o
    0x08001e8a   0x00000002   PAD
    0x08001e8c   0x000000e4   Code   RO         2836    i.Ps_test           paj7620u2.o
    0x08001f70   0x00000028   Code   RO         1180    i.RCC_Delay         stm32f1xx_hal_rcc.o
    0x08001f98   0x00000002   Code   RO          264    i.SVC_Handler       stm32f1xx_it.o
    0x08001f9a   0x00000056   Code   RO          466    i.Stm32_Clock_Init  sys.o
    0x08001ff0   0x00000008   Code   RO          265    i.SysTick_Handler   stm32f1xx_it.o
    0x08001ff8   0x00000058   Code   RO          334    i.SystemInit        system_stm32f1xx.o
    0x08002050   0x00000044   Code   RO         2984    i.TIM4_IRQHandler   usmart.o
    0x08002094   0x00000074   Code   RO         2225    i.TIM_Base_SetConfig  stm32f1xx_hal_tim.o
    0x08002108   0x00000060   Code   RO         2985    i.Timer4_Init       usmart.o
    0x08002168   0x00000014   Code   RO         1347    i.UART_DMAAbortOnError  stm32f1xx_hal_uart.o
    0x0800217c   0x00000020   Code   RO         1357    i.UART_EndRxTransfer  stm32f1xx_hal_uart.o
    0x0800219c   0x00000020   Code   RO         1358    i.UART_EndTransmit_IT  stm32f1xx_hal_uart.o
    0x080021bc   0x000000a6   Code   RO         1360    i.UART_Receive_IT   stm32f1xx_hal_uart.o
    0x08002262   0x00000002   PAD
    0x08002264   0x000001c8   Code   RO         1361    i.UART_SetConfig    stm32f1xx_hal_uart.o
    0x0800242c   0x00000068   Code   RO         1362    i.UART_Transmit_IT  stm32f1xx_hal_uart.o
    0x08002494   0x00000040   Code   RO          511    i.USART1_IRQHandler  usart.o
    0x080024d4   0x00000004   Code   RO          266    i.UsageFault_Handler  stm32f1xx_it.o
    0x080024d8   0x0000000e   Code   RO         3226    i._is_digit         c_w.l(__printf_wp.o)
    0x080024e6   0x00000004   Code   RO          512    i._sys_exit         usart.o
    0x080024ea   0x00000002   PAD
    0x080024ec   0x00000014   Code   RO          425    i.delay_init        delay.o
    0x08002500   0x00000018   Code   RO          426    i.delay_ms          delay.o
    0x08002518   0x00000048   Code   RO          427    i.delay_us          delay.o
    0x08002560   0x0000001c   Code   RO          513    i.fputc             usart.o
    0x0800257c   0x000000c8   Code   RO            4    i.main              main.o
    0x08002644   0x00000044   Code   RO         2837    i.paj7620u2_init    paj7620u2.o
    0x08002688   0x00000024   Code   RO         2838    i.paj7620u2_selectBank  paj7620u2.o
    0x080026ac   0x0000004c   Code   RO         2839    i.paj7620u2_sensor_test  paj7620u2.o
    0x080026f8   0x0000004c   Code   RO         2840    i.paj7620u2_test_ui  paj7620u2.o
    0x08002744   0x00000032   Code   RO         2841    i.paj7620u2_wakeup  paj7620u2.o
    0x08002776   0x00000006   Code   RO         2986    i.read_addr         usmart.o
    0x0800277c   0x00000038   Code   RO          514    i.uart_init         usart.o
    0x080027b4   0x000000b0   Code   RO         2987    i.usmart_cmd_rec    usmart.o
    0x08002864   0x000002d4   Code   RO         2988    i.usmart_exe        usmart.o
    0x08002b38   0x000000d4   Code   RO         3098    i.usmart_get_aparm  usmart_str.o
    0x08002c0c   0x00000036   Code   RO         3099    i.usmart_get_cmdname  usmart_str.o
    0x08002c42   0x00000002   PAD
    0x08002c44   0x000001c0   Code   RO         3100    i.usmart_get_fname  usmart_str.o
    0x08002e04   0x0000010c   Code   RO         3101    i.usmart_get_fparam  usmart_str.o
    0x08002f10   0x00000020   Code   RO         3102    i.usmart_get_parmpos  usmart_str.o
    0x08002f30   0x00000044   Code   RO         2989    i.usmart_get_runtime  usmart.o
    0x08002f74   0x00000028   Code   RO         2990    i.usmart_init       usmart.o
    0x08002f9c   0x00000016   Code   RO         3103    i.usmart_pow        usmart_str.o
    0x08002fb2   0x00000002   PAD
    0x08002fb4   0x00000034   Code   RO         2991    i.usmart_reset_runtime  usmart.o
    0x08002fe8   0x000000bc   Code   RO         2992    i.usmart_scan       usmart.o
    0x080030a4   0x00000016   Code   RO         3104    i.usmart_search_nextc  usmart_str.o
    0x080030ba   0x00000106   Code   RO         3105    i.usmart_str2num    usmart_str.o
    0x080031c0   0x00000022   Code   RO         3106    i.usmart_strcmp     usmart_str.o
    0x080031e2   0x00000016   Code   RO         3107    i.usmart_strcopy    usmart_str.o
    0x080031f8   0x00000018   Code   RO         3108    i.usmart_strlen     usmart_str.o
    0x08003210   0x000006f4   Code   RO         2993    i.usmart_sys_cmd_exe  usmart.o
    0x08003904   0x00000004   Code   RO         2994    i.write_addr        usmart.o
    0x08003908   0x00000018   Data   RO          335    .constdata          system_stm32f1xx.o
    0x08003920   0x000000e8   Data   RO         2842    .constdata          paj7620u2.o
    0x08003a08   0x00000028   Data   RO         3199    .constdata          c_w.l(_printf_hex_int.o)
    0x08003a30   0x00000011   Data   RO         3234    .constdata          c_w.l(__printf_flags_ss_wp.o)
    0x08003a41   0x00000003   PAD
    0x08003a44   0x00000028   Data   RO         2996    .conststring        usmart.o
    0x08003a6c   0x0000008c   Data   RO         3073    .conststring        usmart_config.o
    0x08003af8   0x00000020   Data   RO         3412    Region$$Table       anon$$obj.o


    Execution Region RW_IRAM1 (Base: 0x20000000, Size: 0x000008f0, Max: 0x00010000, ABSOLUTE, COMPRESSED[0x00000054])

    Base Addr    Size         Type   Attr      Idx    E Section Name        Object

    0x20000000   0x00000004   Data   RW          336    .data               system_stm32f1xx.o
    0x20000004   0x00000004   Data   RW          428    .data               delay.o
    0x20000008   0x00000007   Data   RW          516    .data               usart.o
    0x2000000f   0x00000001   PAD
    0x20000010   0x00000004   Data   RW          601    .data               stm32f1xx_hal.o
    0x20000014   0x00000001   Data   RW         2806    .data               key.o
    0x20000015   0x00000003   PAD
    0x20000018   0x0000001c   Data   RW         2997    .data               usmart.o
    0x20000034   0x00000114   Data   RW         3074    .data               usmart_config.o
    0x20000148   0x00000108   Zero   RW          515    .bss                usart.o
    0x20000250   0x00000040   Zero   RW         2995    .bss                usmart.o
    0x20000290   0x00000060   Zero   RW         3290    .bss                c_w.l(libspace.o)
    0x200002f0   0x00000200   Zero   RW          572    HEAP                startup_stm32f103xb.o
    0x200004f0   0x00000400   Zero   RW          571    STACK               startup_stm32f103xb.o


==============================================================================

Image component sizes


      Code (inc. data)   RO Data    RW Data    ZI Data      Debug   Object Name

       116          8          0          4          0       2327   delay.o
       384         36          0          1          0       2002   key.o
        76          8          0          0          0       1071   led.o
       200         94          0          0          0     433099   main.o
       982        248        232          0          0       6297   paj7620u2.o
       962        102          0          0          0       8817   paj7620u2_iic.o
        64         26        236          0       1536        876   startup_stm32f103xb.o
       108         20          0          4          0       3811   stm32f1xx_hal.o
       338         22          0          0          0      27621   stm32f1xx_hal_cortex.o
       176          4          0          0          0       1331   stm32f1xx_hal_dma.o
       824         32          0          0          0       3779   stm32f1xx_hal_gpio.o
         2          0          0          0          0        530   stm32f1xx_hal_msp.o
      1776        110          0          0          0       6900   stm32f1xx_hal_rcc.o
       200         14          0          0          0       3504   stm32f1xx_hal_tim.o
      1392         12          0          0          0       9791   stm32f1xx_hal_uart.o
        32          0          0          0          0       4798   stm32f1xx_it.o
        86          0          0          0          0        811   sys.o
        88         18         24          4          0       1439   system_stm32f1xx.o
       456         52          0          7        264       6193   usart.o
      3202       1352         40         28         64       9075   usmart.o
         0          0        140        276          0       1940   usmart_config.o
      1400         20          0          0          0      10033   usmart_str.o

    ----------------------------------------------------------------------
     12886       2178        704        328       1864     546045   Object Totals
         0          0         32          0          0          0   (incl. Generated)
        22          0          0          4          0          0   (incl. Padding)

    ----------------------------------------------------------------------

      Code (inc. data)   RO Data    RW Data    ZI Data      Debug   Library Member Name

        90          0          0          0          0          0   __dczerorl2.o
         8          0          0          0          0         68   __main.o
       392          4         17          0          0         92   __printf_flags_ss_wp.o
        14          0          0          0          0         68   __printf_wp.o
         0          0          0          0          0          0   __rtentry.o
        12          0          0          0          0          0   __rtentry2.o
         6          0          0          0          0          0   __rtentry4.o
        52          8          0          0          0          0   __scatter.o
        28          0          0          0          0          0   __scatter_zi.o
         6          0          0          0          0          0   _printf_c.o
        44          0          0          0          0        108   _printf_char.o
        48          6          0          0          0         96   _printf_char_common.o
        36          4          0          0          0         80   _printf_char_file.o
         6          0          0          0          0          0   _printf_d.o
       120         16          0          0          0         92   _printf_dec.o
        88          4         40          0          0         88   _printf_hex_int.o
       178          0          0          0          0         88   _printf_intcommon.o
        78          0          0          0          0        108   _printf_pad.o
         0          0          0          0          0          0   _printf_percent.o
         4          0          0          0          0          0   _printf_percent_end.o
         6          0          0          0          0          0   _printf_s.o
        82          0          0          0          0         80   _printf_str.o
         6          0          0          0          0          0   _printf_u.o
         6          0          0          0          0          0   _printf_x.o
        18          0          0          0          0         80   exit.o
         8          0          0          0          0         68   ferror.o
         6          0          0          0          0        152   heapauxi.o
         2          0          0          0          0          0   libinit.o
         2          0          0          0          0          0   libinit2.o
         2          0          0          0          0          0   libshutdown.o
         2          0          0          0          0          0   libshutdown2.o
         8          4          0          0         96         68   libspace.o
        24          4          0          0          0         84   noretval__2printf.o
         2          0          0          0          0          0   rtexit.o
        10          0          0          0          0          0   rtexit2.o
        74          0          0          0          0         80   sys_stackheap_outer.o
         2          0          0          0          0         68   use_no_semi.o
         2          0          0          0          0         68   use_no_semi_2.o

    ----------------------------------------------------------------------
      1478         50         60          0         96       1636   Library Totals
         6          0          3          0          0          0   (incl. Padding)

    ----------------------------------------------------------------------

      Code (inc. data)   RO Data    RW Data    ZI Data      Debug   Library Name

      1472         50         57          0         96       1636   c_w.l

    ----------------------------------------------------------------------
      1478         50         60          0         96       1636   Library Totals

    ----------------------------------------------------------------------

==============================================================================


      Code (inc. data)   RO Data    RW Data    ZI Data      Debug   

     14364       2228        764        328       1960     541749   Grand Totals
     14364       2228        764         84       1960     541749   ELF Image Totals (compressed)
     14364       2228        764         84          0          0   ROM Totals

==============================================================================

    Total RO  Size (Code + RO Data)                15128 (  14.77kB)
    Total RW  Size (RW Data + ZI Data)              2288 (   2.23kB)
    Total ROM Size (Code + RO Data + RW Data)      15212 (  14.86kB)

==============================================================================

